Archive member included to satisfy reference by file (symbol)

d:/programs/atollic truestudio/truestudio for stm32 9.1.0/armtools/bin/../lib/gcc/arm-atollic-eabi/6.3.1/../../../../arm-atollic-eabi/lib/armv7e-m/fpu/fpv5-d16\libc_nano.a(lib_a-init.o)
                              startup\startup_stm32h743xx.o (__libc_init_array)
d:/programs/atollic truestudio/truestudio for stm32 9.1.0/armtools/bin/../lib/gcc/arm-atollic-eabi/6.3.1/../../../../arm-atollic-eabi/lib/armv7e-m/fpu/fpv5-d16\libc_nano.a(lib_a-memcpy-stub.o)
                              Middlewares\FreeRTOS\queue.o (memcpy)

Allocating common symbols
Common symbol       size              file

defaultTaskHandle   0x4               Src\freertos.o
hi2c1               0x4c              Src\i2c.o
xQueueRegistry      0x40              Middlewares\FreeRTOS\queue.o
pFlash              0x1c              Drivers\STM32H7xx_HAL_Driver\stm32h7xx_hal_flash.o
htim1               0x40              Src\stm32h7xx_hal_timebase_TIM.o

Discarded input sections

 .text          0x00000000        0x0 d:/programs/atollic truestudio/truestudio for stm32 9.1.0/armtools/bin/../lib/gcc/arm-atollic-eabi/6.3.1/armv7e-m/fpu/fpv5-d16/crti.o
 .data          0x00000000        0x0 d:/programs/atollic truestudio/truestudio for stm32 9.1.0/armtools/bin/../lib/gcc/arm-atollic-eabi/6.3.1/armv7e-m/fpu/fpv5-d16/crti.o
 .bss           0x00000000        0x0 d:/programs/atollic truestudio/truestudio for stm32 9.1.0/armtools/bin/../lib/gcc/arm-atollic-eabi/6.3.1/armv7e-m/fpu/fpv5-d16/crti.o
 .data          0x00000000        0x4 d:/programs/atollic truestudio/truestudio for stm32 9.1.0/armtools/bin/../lib/gcc/arm-atollic-eabi/6.3.1/armv7e-m/fpu/fpv5-d16/crtbegin.o
 .text          0x00000000        0x0 Drivers\STM32H7xx_HAL_Driver\stm32h7xx_hal.o
 .data          0x00000000        0x0 Drivers\STM32H7xx_HAL_Driver\stm32h7xx_hal.o
 .bss           0x00000000        0x0 Drivers\STM32H7xx_HAL_Driver\stm32h7xx_hal.o
 .text.HAL_MspInit
                0x00000000        0x2 Drivers\STM32H7xx_HAL_Driver\stm32h7xx_hal.o
 .text.HAL_MspDeInit
                0x00000000        0x2 Drivers\STM32H7xx_HAL_Driver\stm32h7xx_hal.o
 .text.HAL_DeInit
                0x00000000       0x5c Drivers\STM32H7xx_HAL_Driver\stm32h7xx_hal.o
 .text.HAL_InitTick
                0x00000000       0x48 Drivers\STM32H7xx_HAL_Driver\stm32h7xx_hal.o
 .text.HAL_GetTickPrio
                0x00000000        0xc Drivers\STM32H7xx_HAL_Driver\stm32h7xx_hal.o
 .text.HAL_SetTickFreq
                0x00000000       0x24 Drivers\STM32H7xx_HAL_Driver\stm32h7xx_hal.o
 .text.HAL_GetTickFreq
                0x00000000        0xc Drivers\STM32H7xx_HAL_Driver\stm32h7xx_hal.o
 .text.HAL_Delay
                0x00000000       0x24 Drivers\STM32H7xx_HAL_Driver\stm32h7xx_hal.o
 .text.HAL_SuspendTick
                0x00000000       0x10 Drivers\STM32H7xx_HAL_Driver\stm32h7xx_hal.o
 .text.HAL_ResumeTick
                0x00000000       0x10 Drivers\STM32H7xx_HAL_Driver\stm32h7xx_hal.o
 .text.HAL_GetHalVersion
                0x00000000        0x8 Drivers\STM32H7xx_HAL_Driver\stm32h7xx_hal.o
 .text.HAL_GetREVID
                0x00000000        0xc Drivers\STM32H7xx_HAL_Driver\stm32h7xx_hal.o
 .text.HAL_GetDEVID
                0x00000000       0x10 Drivers\STM32H7xx_HAL_Driver\stm32h7xx_hal.o
 .text.HAL_SYSCFG_VREFBUF_VoltageScalingConfig
                0x00000000       0x14 Drivers\STM32H7xx_HAL_Driver\stm32h7xx_hal.o
 .text.HAL_SYSCFG_VREFBUF_HighImpedanceConfig
                0x00000000       0x14 Drivers\STM32H7xx_HAL_Driver\stm32h7xx_hal.o
 .text.HAL_SYSCFG_VREFBUF_TrimmingConfig
                0x00000000       0x14 Drivers\STM32H7xx_HAL_Driver\stm32h7xx_hal.o
 .text.HAL_SYSCFG_EnableVREFBUF
                0x00000000       0x30 Drivers\STM32H7xx_HAL_Driver\stm32h7xx_hal.o
 .text.HAL_SYSCFG_DisableVREFBUF
                0x00000000       0x10 Drivers\STM32H7xx_HAL_Driver\stm32h7xx_hal.o
 .text.HAL_SYSCFG_ETHInterfaceSelect
                0x00000000       0x14 Drivers\STM32H7xx_HAL_Driver\stm32h7xx_hal.o
 .text.HAL_SYSCFG_AnalogSwitchConfig
                0x00000000       0x14 Drivers\STM32H7xx_HAL_Driver\stm32h7xx_hal.o
 .text.HAL_SYSCFG_EnableBOOST
                0x00000000       0x10 Drivers\STM32H7xx_HAL_Driver\stm32h7xx_hal.o
 .text.HAL_SYSCFG_DisableBOOST
                0x00000000       0x10 Drivers\STM32H7xx_HAL_Driver\stm32h7xx_hal.o
 .text.HAL_SYSCFG_CM7BootAddConfig
                0x00000000       0x38 Drivers\STM32H7xx_HAL_Driver\stm32h7xx_hal.o
 .text.HAL_EnableCompensationCell
                0x00000000       0x10 Drivers\STM32H7xx_HAL_Driver\stm32h7xx_hal.o
 .text.HAL_DisableCompensationCell
                0x00000000       0x10 Drivers\STM32H7xx_HAL_Driver\stm32h7xx_hal.o
 .text.HAL_SYSCFG_EnableIOSpeedOptimize
                0x00000000       0x10 Drivers\STM32H7xx_HAL_Driver\stm32h7xx_hal.o
 .text.HAL_SYSCFG_DisableIOSpeedOptimize
[...]
Memory Configuration

Name             Origin             Length             Attributes
DTCMRAM          0x20000000         0x00020000         xrw
RAM_D1           0x24000000         0x00080000         xrw
RAM_D2           0x30000000         0x00048000         xrw
RAM_D3           0x38000000         0x00010000         xrw
ITCMRAM          0x00000000         0x00010000         xrw
FLASH            0x08000000         0x00200000         xr
*default*        0x00000000         0xffffffff

Linker script and memory map

LOAD d:/programs/atollic truestudio/truestudio for stm32 9.1.0/armtools/bin/../lib/gcc/arm-atollic-eabi/6.3.1/armv7e-m/fpu/fpv5-d16/crti.o
LOAD d:/programs/atollic truestudio/truestudio for stm32 9.1.0/armtools/bin/../lib/gcc/arm-atollic-eabi/6.3.1/armv7e-m/fpu/fpv5-d16/crtbegin.o
LOAD Drivers\STM32H7xx_HAL_Driver\stm32h7xx_hal.o
LOAD Drivers\STM32H7xx_HAL_Driver\stm32h7xx_hal_cortex.o
LOAD Drivers\STM32H7xx_HAL_Driver\stm32h7xx_hal_dma.o
LOAD Drivers\STM32H7xx_HAL_Driver\stm32h7xx_hal_dma_ex.o
LOAD Drivers\STM32H7xx_HAL_Driver\stm32h7xx_hal_flash.o
LOAD Drivers\STM32H7xx_HAL_Driver\stm32h7xx_hal_flash_ex.o
LOAD Drivers\STM32H7xx_HAL_Driver\stm32h7xx_hal_gpio.o
LOAD Drivers\STM32H7xx_HAL_Driver\stm32h7xx_hal_hsem.o
LOAD Drivers\STM32H7xx_HAL_Driver\stm32h7xx_hal_i2c.o
LOAD Drivers\STM32H7xx_HAL_Driver\stm32h7xx_hal_i2c_ex.o
LOAD Drivers\STM32H7xx_HAL_Driver\stm32h7xx_hal_mdma.o
LOAD Drivers\STM32H7xx_HAL_Driver\stm32h7xx_hal_pwr.o
LOAD Drivers\STM32H7xx_HAL_Driver\stm32h7xx_hal_pwr_ex.o
LOAD Drivers\STM32H7xx_HAL_Driver\stm32h7xx_hal_rcc.o
LOAD Drivers\STM32H7xx_HAL_Driver\stm32h7xx_hal_rcc_ex.o
LOAD Drivers\STM32H7xx_HAL_Driver\stm32h7xx_hal_tim.o
LOAD Drivers\STM32H7xx_HAL_Driver\stm32h7xx_hal_tim_ex.o
LOAD Middlewares\FreeRTOS\cmsis_os.o
LOAD Middlewares\FreeRTOS\croutine.o
LOAD Middlewares\FreeRTOS\event_groups.o
LOAD Middlewares\FreeRTOS\heap_4.o
LOAD Middlewares\FreeRTOS\list.o
LOAD Middlewares\FreeRTOS\port.o
LOAD Middlewares\FreeRTOS\queue.o
LOAD Middlewares\FreeRTOS\tasks.o
LOAD Middlewares\FreeRTOS\timers.o
LOAD Src\Tasks\All.o
LOAD Src\freertos.o
LOAD Src\gpio.o
LOAD Src\i2c.o
LOAD Src\main.o
LOAD Src\stm32h7xx_hal_msp.o
LOAD Src\stm32h7xx_hal_timebase_TIM.o
LOAD Src\stm32h7xx_it.o
LOAD Src\system_stm32h7xx.o
LOAD startup\startup_stm32h743xx.o
                0x00000080                malloc_getpagesize_P = 0x80
START GROUP
LOAD d:/programs/atollic truestudio/truestudio for stm32 9.1.0/armtools/bin/../lib/gcc/arm-atollic-eabi/6.3.1/../../../../arm-atollic-eabi/lib/armv7e-m/fpu/fpv5-d16\libc_nano.a
LOAD d:/programs/atollic truestudio/truestudio for stm32 9.1.0/armtools/bin/../lib/gcc/arm-atollic-eabi/6.3.1/../../../../arm-atollic-eabi/lib/armv7e-m/fpu/fpv5-d16\libm.a
END GROUP
START GROUP
LOAD d:/programs/atollic truestudio/truestudio for stm32 9.1.0/armtools/bin/../lib/gcc/arm-atollic-eabi/6.3.1/armv7e-m/fpu/fpv5-d16\libgcc.a
LOAD d:/programs/atollic truestudio/truestudio for stm32 9.1.0/armtools/bin/../lib/gcc/arm-atollic-eabi/6.3.1/../../../../arm-atollic-eabi/lib/armv7e-m/fpu/fpv5-d16\libc_nano.a
END GROUP
START GROUP
LOAD d:/programs/atollic truestudio/truestudio for stm32 9.1.0/armtools/bin/../lib/gcc/arm-atollic-eabi/6.3.1/armv7e-m/fpu/fpv5-d16\libgcc.a
LOAD d:/programs/atollic truestudio/truestudio for stm32 9.1.0/armtools/bin/../lib/gcc/arm-atollic-eabi/6.3.1/../../../../arm-atollic-eabi/lib/armv7e-m/fpu/fpv5-d16\libc_nano.a
LOAD d:/programs/atollic truestudio/truestudio for stm32 9.1.0/armtools/bin/../lib/gcc/arm-atollic-eabi/6.3.1/../../../../arm-atollic-eabi/lib/armv7e-m/fpu/fpv5-d16\libnosys.a
END GROUP
START GROUP
LOAD d:/programs/atollic truestudio/truestudio for stm32 9.1.0/armtools/bin/../lib/gcc/arm-atollic-eabi/6.3.1/armv7e-m/fpu/fpv5-d16\libgcc.a
LOAD d:/programs/atollic truestudio/truestudio for stm32 9.1.0/armtools/bin/../lib/gcc/arm-atollic-eabi/6.3.1/../../../../arm-atollic-eabi/lib/armv7e-m/fpu/fpv5-d16\libc_nano.a
LOAD d:/programs/atollic truestudio/truestudio for stm32 9.1.0/armtools/bin/../lib/gcc/arm-atollic-eabi/6.3.1/../../../../arm-atollic-eabi/lib/armv7e-m/fpu/fpv5-d16\libnosys.a
END GROUP
LOAD d:/programs/atollic truestudio/truestudio for stm32 9.1.0/armtools/bin/../lib/gcc/arm-atollic-eabi/6.3.1/armv7e-m/fpu/fpv5-d16/crtend.o
LOAD d:/programs/atollic truestudio/truestudio for stm32 9.1.0/armtools/bin/../lib/gcc/arm-atollic-eabi/6.3.1/armv7e-m/fpu/fpv5-d16/crtn.o
                0x20020000                _estack = 0x20020000
                0x00000200                _Min_Heap_Size = 0x200
                0x00000400                _Min_Stack_Size = 0x400

.isr_vector     0x08000000      0x298
                0x08000000                . = ALIGN (0x4)
 *(.isr_vector)
 .isr_vector    0x08000000      0x298 startup\startup_stm32h743xx.o
                0x08000000                g_pfnVectors
                0x08000298                . = ALIGN (0x4)

.text           0x080002a0     0x2b84
                0x080002a0                . = ALIGN (0x4)
 *(.text)
 .text          0x080002a0       0x40 d:/programs/atollic truestudio/truestudio for stm32 9.1.0/armtools/bin/../lib/gcc/arm-atollic-eabi/6.3.1/armv7e-m/fpu/fpv5-d16/crtbegin.o
 *(.text*)
 .text.HAL_Init
                0x080002e0       0x1e Drivers\STM32H7xx_HAL_Driver\stm32h7xx_hal.o
                0x080002e0                HAL_Init
 *fill*         0x080002fe        0x2 
 .text.HAL_IncTick
                0x08000300       0x18 Drivers\STM32H7xx_HAL_Driver\stm32h7xx_hal.o
                0x08000300                HAL_IncTick
 .text.HAL_GetTick
                0x08000318        0xc Drivers\STM32H7xx_HAL_Driver\stm32h7xx_hal.o
                0x08000318                HAL_GetTick
 .text.HAL_NVIC_SetPriorityGrouping
                0x08000324       0x24 Drivers\STM32H7xx_HAL_Driver\stm32h7xx_hal_cortex.o
                0x08000324                HAL_NVIC_SetPriorityGrouping
 .text.HAL_NVIC_SetPriority
                0x08000348       0x70 Drivers\STM32H7xx_HAL_Driver\stm32h7xx_hal_cortex.o
                0x08000348                HAL_NVIC_SetPriority
 .text.HAL_NVIC_EnableIRQ
                0x080003b8       0x1c Drivers\STM32H7xx_HAL_Driver\stm32h7xx_hal_cortex.o
                0x080003b8                HAL_NVIC_EnableIRQ
 .text.HAL_SYSTICK_Config
                0x080003d4       0x2c Drivers\STM32H7xx_HAL_Driver\stm32h7xx_hal_cortex.o
                0x080003d4                HAL_SYSTICK_Config
 .text.HAL_SYSTICK_CLKSourceConfig
                0x08000400       0x18 Drivers\STM32H7xx_HAL_Driver\stm32h7xx_hal_cortex.o
                0x08000400                HAL_SYSTICK_CLKSourceConfig
 .text.HAL_GPIO_Init
                0x08000418      0x1d4 Drivers\STM32H7xx_HAL_Driver\stm32h7xx_hal_gpio.o
                0x08000418                HAL_GPIO_Init
 .text.HAL_GPIO_WritePin
                0x080005ec        0xa Drivers\STM32H7xx_HAL_Driver\stm32h7xx_hal_gpio.o
                0x080005ec                HAL_GPIO_WritePin
 .text.HAL_I2C_Init
                0x080005f6       0xa2 Drivers\STM32H7xx_HAL_Driver\stm32h7xx_hal_i2c.o
                0x080005f6                HAL_I2C_Init
 .text.HAL_I2CEx_ConfigAnalogFilter
                0x08000698       0x4c Drivers\STM32H7xx_HAL_Driver\stm32h7xx_hal_i2c_ex.o
                0x08000698                HAL_I2CEx_ConfigAnalogFilter
 .text.HAL_I2CEx_ConfigDigitalFilter
                0x080006e4       0x4a Drivers\STM32H7xx_HAL_Driver\stm32h7xx_hal_i2c_ex.o
                0x080006e4                HAL_I2CEx_ConfigDigitalFilter
 *fill*         0x0800072e        0x2 
 .text.HAL_RCC_OscConfig
                0x08000730      0x494 Drivers\STM32H7xx_HAL_Driver\stm32h7xx_hal_rcc.o
                0x08000730                HAL_RCC_OscConfig
 .text.HAL_RCC_GetSysClockFreq
                0x08000bc4      0x138 Drivers\STM32H7xx_HAL_Driver\stm32h7xx_hal_rcc.o
                0x08000bc4                HAL_RCC_GetSysClockFreq
 .text.HAL_RCC_ClockConfig
                0x08000cfc      0x1b4 Drivers\STM32H7xx_HAL_Driver\stm32h7xx_hal_rcc.o
                0x08000cfc                HAL_RCC_ClockConfig
 .text.HAL_RCC_GetHCLKFreq
                0x08000eb0       0x34 Drivers\STM32H7xx_HAL_Driver\stm32h7xx_hal_rcc.o
                0x08000eb0                HAL_RCC_GetHCLKFreq
 .text.HAL_RCC_GetPCLK2Freq
                0x08000ee4       0x2c Drivers\STM32H7xx_HAL_Driver\stm32h7xx_hal_rcc.o
                0x08000ee4                HAL_RCC_GetPCLK2Freq
 .text.HAL_RCC_GetClockConfig
                0x08000f10       0x54 Drivers\STM32H7xx_HAL_Driver\stm32h7xx_hal_rcc.o
                0x08000f10                HAL_RCC_GetClockConfig
 .text.RCCEx_PLL2_Config
                0x08000f64       0xcc Drivers\STM32H7xx_HAL_Driver\stm32h7xx_hal_rcc_ex.o
 .text.RCCEx_PLL3_Config
                0x08001030       0xcc Drivers\STM32H7xx_HAL_Driver\stm32h7xx_hal_rcc_ex.o
 .text.HAL_RCCEx_PeriphCLKConfig
                0x080010fc      0x8e0 Drivers\STM32H7xx_HAL_Driver\stm32h7xx_hal_rcc_ex.o
                0x080010fc                HAL_RCCEx_PeriphCLKConfig
 .text.HAL_RCCEx_GetD1SysClockFreq
                0x080019dc       0x34 Drivers\STM32H7xx_HAL_Driver\stm32h7xx_hal_rcc_ex.o
                0x080019dc                HAL_RCCEx_GetD1SysClockFreq
 .text.HAL_TIM_Base_MspInit
                0x08001a10        0x2 Drivers\STM32H7xx_HAL_Driver\stm32h7xx_hal_tim.o
                0x08001a10                HAL_TIM_Base_MspInit
 .text.HAL_TIM_Base_Start_IT
                0x08001a12       0x18 Drivers\STM32H7xx_HAL_Driver\stm32h7xx_hal_tim.o
                0x08001a12                HAL_TIM_Base_Start_IT
 .text.HAL_TIM_OC_DelayElapsedCallback
                0x08001a2a        0x2 Drivers\STM32H7xx_HAL_Driver\stm32h7xx_hal_tim.o
                0x08001a2a                HAL_TIM_OC_DelayElapsedCallback
 .text.HAL_TIM_IC_CaptureCallback
                0x08001a2c        0x2 Drivers\STM32H7xx_HAL_Driver\stm32h7xx_hal_tim.o
                0x08001a2c                HAL_TIM_IC_CaptureCallback
 .text.HAL_TIM_PWM_PulseFinishedCallback
                0x08001a2e        0x2 Drivers\STM32H7xx_HAL_Driver\stm32h7xx_hal_tim.o
                0x08001a2e                HAL_TIM_PWM_PulseFinishedCallback
 .text.HAL_TIM_TriggerCallback
                0x08001a30        0x2 Drivers\STM32H7xx_HAL_Driver\stm32h7xx_hal_tim.o
                0x08001a30                HAL_TIM_TriggerCallback
 .text.HAL_TIM_IRQHandler
                0x08001a32      0x160 Drivers\STM32H7xx_HAL_Driver\stm32h7xx_hal_tim.o
                0x08001a32                HAL_TIM_IRQHandler
 *fill*         0x08001b92        0x2 
 .text.TIM_Base_SetConfig
                0x08001b94       0xd0 Drivers\STM32H7xx_HAL_Driver\stm32h7xx_hal_tim.o
                0x08001b94                TIM_Base_SetConfig
 .text.HAL_TIM_Base_Init
                0x08001c64       0x34 Drivers\STM32H7xx_HAL_Driver\stm32h7xx_hal_tim.o
                0x08001c64                HAL_TIM_Base_Init
 .text.HAL_TIMEx_CommutationCallback
                0x08001c98        0x2 Drivers\STM32H7xx_HAL_Driver\stm32h7xx_hal_tim_ex.o
                0x08001c98                HAL_TIMEx_CommutationCallback
 .text.HAL_TIMEx_BreakCallback
                0x08001c9a        0x2 Drivers\STM32H7xx_HAL_Driver\stm32h7xx_hal_tim_ex.o
                0x08001c9a                HAL_TIMEx_BreakCallback
 .text.osKernelStart
                0x08001c9c        0xa Middlewares\FreeRTOS\cmsis_os.o
                0x08001c9c                osKernelStart
 .text.osThreadCreate
                0x08001ca6       0x30 Middlewares\FreeRTOS\cmsis_os.o
                0x08001ca6                osThreadCreate
 .text.osDelay  0x08001cd6       0x10 Middlewares\FreeRTOS\cmsis_os.o
                0x08001cd6                osDelay
 .text.osSystickHandler
                0x08001ce6       0x14 Middlewares\FreeRTOS\cmsis_os.o
                0x08001ce6                osSystickHandler
 *fill*         0x08001cfa        0x2 
 .text.unlikely.prvInsertBlockIntoFreeList
                0x08001cfc       0x48 Middlewares\FreeRTOS\heap_4.o
 .text.pvPortMalloc
                0x08001d44      0x124 Middlewares\FreeRTOS\heap_4.o
                0x08001d44                pvPortMalloc
 .text.vPortFree
                0x08001e68       0x78 Middlewares\FreeRTOS\heap_4.o
                0x08001e68                vPortFree
 .text.vListInitialise
                0x08001ee0       0x16 Middlewares\FreeRTOS\list.o
                0x08001ee0                vListInitialise
 .text.vListInitialiseItem
                0x08001ef6        0x6 Middlewares\FreeRTOS\list.o
                0x08001ef6                vListInitialiseItem
 .text.vListInsertEnd
                0x08001efc       0x18 Middlewares\FreeRTOS\list.o
                0x08001efc                vListInsertEnd
 .text.vListInsert
                0x08001f14       0x2e Middlewares\FreeRTOS\list.o
                0x08001f14                vListInsert
 .text.uxListRemove
                0x08001f42       0x20 Middlewares\FreeRTOS\list.o
                0x08001f42                uxListRemove
 *fill*         0x08001f62        0x2 
 .text.prvTaskExitError
                0x08001f64       0x38 Middlewares\FreeRTOS\port.o
 .text.prvPortStartFirstTask
                0x08001f9c       0x20 Middlewares\FreeRTOS\port.o
 .text.vPortEnableVFP
                0x08001fbc       0x14 Middlewares\FreeRTOS\port.o
 .text.pxPortInitialiseStack
                0x08001fd0       0x24 Middlewares\FreeRTOS\port.o
                0x08001fd0                pxPortInitialiseStack
 *fill*         0x08001ff4        0xc 
 .text.SVC_Handler
                0x08002000       0x24 Middlewares\FreeRTOS\port.o
                0x08002000                SVC_Handler
 .text.vPortEnterCritical
                0x08002024       0x4c Middlewares\FreeRTOS\port.o
                0x08002024                vPortEnterCritical
 .text.vPortExitCritical
                0x08002070       0x2c Middlewares\FreeRTOS\port.o
                0x08002070                vPortExitCritical
 *fill*         0x0800209c        0x4 
 .text.PendSV_Handler
                0x080020a0       0x64 Middlewares\FreeRTOS\port.o
                0x080020a0                PendSV_Handler
 .text.xPortSysTickHandler
                0x08002104       0x30 Middlewares\FreeRTOS\port.o
                0x08002104                xPortSysTickHandler
 .text.vPortSetupTimerInterrupt
                0x08002134       0x28 Middlewares\FreeRTOS\port.o
                0x08002134                vPortSetupTimerInterrupt
 .text.xPortStartScheduler
                0x0800215c       0xa8 Middlewares\FreeRTOS\port.o
                0x0800215c                xPortStartScheduler
 .text.prvResetNextTaskUnblockTime
                0x08002204       0x24 Middlewares\FreeRTOS\tasks.o
 .text.prvAddCurrentTaskToDelayedList
                0x08002228       0x8c Middlewares\FreeRTOS\tasks.o
 .text.xTaskCreate
                0x080022b4      0x1a0 Middlewares\FreeRTOS\tasks.o
                0x080022b4                xTaskCreate
 .text.vTaskStartScheduler
                0x08002454       0x80 Middlewares\FreeRTOS\tasks.o
                0x08002454                vTaskStartScheduler
 .text.vTaskSuspendAll
                0x080024d4       0x10 Middlewares\FreeRTOS\tasks.o
                0x080024d4                vTaskSuspendAll
 .text.xTaskIncrementTick
                0x080024e4      0x128 Middlewares\FreeRTOS\tasks.o
                0x080024e4                xTaskIncrementTick
 .text.xTaskResumeAll
                0x0800260c       0xf4 Middlewares\FreeRTOS\tasks.o
                0x0800260c                xTaskResumeAll
 .text.vTaskDelay
                0x08002700       0x4c Middlewares\FreeRTOS\tasks.o
                0x08002700                vTaskDelay
 .text.prvIdleTask
                0x0800274c       0x74 Middlewares\FreeRTOS\tasks.o
 .text.vTaskSwitchContext
                0x080027c0       0x78 Middlewares\FreeRTOS\tasks.o
                0x080027c0                vTaskSwitchContext
 .text.xTaskGetSchedulerState
                0x08002838       0x20 Middlewares\FreeRTOS\tasks.o
                0x08002838                xTaskGetSchedulerState
 .text.StartDefaultTask
                0x08002858        0xa Src\freertos.o
                0x08002858                StartDefaultTask
 *fill*         0x08002862        0x2 
 .text.MX_FREERTOS_Init
                0x08002864       0x28 Src\freertos.o
                0x08002864                MX_FREERTOS_Init
 .text.MX_GPIO_Init
                0x0800288c      0x1b8 Src\gpio.o
                0x0800288c                MX_GPIO_Init
 .text.MX_I2C1_Init
                0x08002a44       0x68 Src\i2c.o
                0x08002a44                MX_I2C1_Init
 .text.HAL_I2C_MspInit
                0x08002aac       0x54 Src\i2c.o
                0x08002aac                HAL_I2C_MspInit
 .text.SystemClock_Config
                0x08002b00       0xc0 Src\main.o
                0x08002b00                SystemClock_Config
 .text.startup.main
                0x08002bc0       0x1c Src\main.o
                0x08002bc0                main
 .text.HAL_TIM_PeriodElapsedCallback
                0x08002bdc       0x14 Src\main.o
                0x08002bdc                HAL_TIM_PeriodElapsedCallback
 .text._Error_Handler
                0x08002bf0        0x2 Src\main.o
                0x08002bf0                _Error_Handler
 *fill*         0x08002bf2        0x2 
 .text.HAL_MspInit
                0x08002bf4       0x80 Src\stm32h7xx_hal_msp.o
                0x08002bf4                HAL_MspInit
 .text.HAL_InitTick
                0x08002c74       0x7c Src\stm32h7xx_hal_timebase_TIM.o
                0x08002c74                HAL_InitTick
 .text.NMI_Handler
                0x08002cf0        0x2 Src\stm32h7xx_it.o
                0x08002cf0                NMI_Handler
 .text.HardFault_Handler
                0x08002cf2        0x2 Src\stm32h7xx_it.o
                0x08002cf2                HardFault_Handler
 .text.MemManage_Handler
                0x08002cf4        0x2 Src\stm32h7xx_it.o
                0x08002cf4                MemManage_Handler
 .text.BusFault_Handler
                0x08002cf6        0x2 Src\stm32h7xx_it.o
                0x08002cf6                BusFault_Handler
 .text.UsageFault_Handler
                0x08002cf8        0x2 Src\stm32h7xx_it.o
                0x08002cf8                UsageFault_Handler
 .text.DebugMon_Handler
                0x08002cfa        0x2 Src\stm32h7xx_it.o
                0x08002cfa                DebugMon_Handler
 .text.SysTick_Handler
                0x08002cfc        0x4 Src\stm32h7xx_it.o
                0x08002cfc                SysTick_Handler
 .text.TIM1_UP_IRQHandler
                0x08002d00        0xc Src\stm32h7xx_it.o
                0x08002d00                TIM1_UP_IRQHandler
 .text.SystemInit
                0x08002d0c       0x64 Src\system_stm32h7xx.o
                0x08002d0c                SystemInit
 .text.Reset_Handler
                0x08002d70       0x50 startup\startup_stm32h743xx.o
                0x08002d70                Reset_Handler
 .text.Default_Handler
                0x08002dc0        0x2 startup\startup_stm32h743xx.o
                0x08002dc0                RTC_Alarm_IRQHandler
                0x08002dc0                EXTI2_IRQHandler
                0x08002dc0                TIM8_CC_IRQHandler
                0x08002dc0                HRTIM1_Master_IRQHandler
                0x08002dc0                UART8_IRQHandler
                0x08002dc0                SPI4_IRQHandler
                0x08002dc0                TIM1_CC_IRQHandler
                0x08002dc0                BDMA_Channel6_IRQHandler
                0x08002dc0                DMA2_Stream5_IRQHandler
                0x08002dc0                HRTIM1_FLT_IRQHandler
                0x08002dc0                JPEG_IRQHandler
                0x08002dc0                DMA1_Stream5_IRQHandler
                0x08002dc0                BDMA_Channel1_IRQHandler
                0x08002dc0                HRTIM1_TIMD_IRQHandler
                0x08002dc0                TAMP_STAMP_IRQHandler
                0x08002dc0                EXTI3_IRQHandler
                0x08002dc0                LPTIM4_IRQHandler
                0x08002dc0                TIM8_TRG_COM_TIM14_IRQHandler
                0x08002dc0                LPTIM2_IRQHandler
                0x08002dc0                DFSDM1_FLT1_IRQHandler
                0x08002dc0                DMAMUX2_OVR_IRQHandler
                0x08002dc0                TIM8_UP_TIM13_IRQHandler
                0x08002dc0                I2C3_ER_IRQHandler
                0x08002dc0                DFSDM1_FLT2_IRQHandler
                0x08002dc0                MDMA_IRQHandler
                0x08002dc0                LPTIM3_IRQHandler
                0x08002dc0                HSEM1_IRQHandler
                0x08002dc0                EXTI0_IRQHandler
                0x08002dc0                I2C2_EV_IRQHandler
                0x08002dc0                DMA1_Stream2_IRQHandler
                0x08002dc0                FPU_IRQHandler
                0x08002dc0                OTG_HS_WKUP_IRQHandler
                0x08002dc0                FDCAN1_IT1_IRQHandler
                0x08002dc0                LTDC_ER_IRQHandler
                0x08002dc0                DMA2_Stream2_IRQHandler
                0x08002dc0                HRTIM1_TIME_IRQHandler
                0x08002dc0                SPI1_IRQHandler
                0x08002dc0                TIM6_DAC_IRQHandler
                0x08002dc0                DCMI_IRQHandler
                0x08002dc0                HRTIM1_TIMC_IRQHandler
                0x08002dc0                DMA2_Stream3_IRQHandler
                0x08002dc0                SAI2_IRQHandler
                0x08002dc0                DFSDM1_FLT3_IRQHandler
                0x08002dc0                USART6_IRQHandler
                0x08002dc0                TIM17_IRQHandler
                0x08002dc0                USART3_IRQHandler
                0x08002dc0                BDMA_Channel7_IRQHandler
                0x08002dc0                LPTIM5_IRQHandler
                0x08002dc0                UART5_IRQHandler
                0x08002dc0                ADC3_IRQHandler
                0x08002dc0                DMA2_Stream0_IRQHandler
                0x08002dc0                TIM4_IRQHandler
                0x08002dc0                BDMA_Channel2_IRQHandler
                0x08002dc0                QUADSPI_IRQHandler
                0x08002dc0                I2C1_EV_IRQHandler
                0x08002dc0                DMA1_Stream6_IRQHandler
                0x08002dc0                DMAMUX1_OVR_IRQHandler
                0x08002dc0                DMA1_Stream1_IRQHandler
                0x08002dc0                TIM16_IRQHandler
                0x08002dc0                UART4_IRQHandler
                0x08002dc0                BDMA_Channel5_IRQHandler
                0x08002dc0                TIM3_IRQHandler
                0x08002dc0                RCC_IRQHandler
                0x08002dc0                TIM8_BRK_TIM12_IRQHandler
                0x08002dc0                TIM1_TRG_COM_IRQHandler
                0x08002dc0                Default_Handler
                0x08002dc0                CEC_IRQHandler
                0x08002dc0                EXTI15_10_IRQHandler
                0x08002dc0                BDMA_Channel0_IRQHandler
                0x08002dc0                ADC_IRQHandler
                0x08002dc0                DMA1_Stream7_IRQHandler
                0x08002dc0                HRTIM1_TIMA_IRQHandler
                0x08002dc0                SPI5_IRQHandler
                0x08002dc0                TIM7_IRQHandler
                0x08002dc0                SDMMC1_IRQHandler
                0x08002dc0                TIM5_IRQHandler
                0x08002dc0                DMA2_Stream7_IRQHandler
                0x08002dc0                TIM15_IRQHandler
                0x08002dc0                PVD_AVD_IRQHandler
                0x08002dc0                I2C3_EV_IRQHandler
                0x08002dc0                EXTI9_5_IRQHandler
                0x08002dc0                RTC_WKUP_IRQHandler
                0x08002dc0                LTDC_IRQHandler
                0x08002dc0                SAI3_IRQHandler
                0x08002dc0                ETH_WKUP_IRQHandler
                0x08002dc0                SPDIF_RX_IRQHandler
                0x08002dc0                SPI2_IRQHandler
                0x08002dc0                OTG_HS_EP1_IN_IRQHandler
                0x08002dc0                DMA1_Stream0_IRQHandler
                0x08002dc0                CRS_IRQHandler
                0x08002dc0                EXTI4_IRQHandler
                0x08002dc0                RNG_IRQHandler
                0x08002dc0                HRTIM1_TIMB_IRQHandler
                0x08002dc0                FDCAN2_IT1_IRQHandler
                0x08002dc0                ETH_IRQHandler
                0x08002dc0                BDMA_Channel4_IRQHandler
                0x08002dc0                OTG_HS_EP1_OUT_IRQHandler
                0x08002dc0                WWDG_IRQHandler
                0x08002dc0                SPI6_IRQHandler
                0x08002dc0                MDIOS_IRQHandler
                0x08002dc0                I2C4_EV_IRQHandler
                0x08002dc0                FDCAN2_IT0_IRQHandler
                0x08002dc0                LPUART1_IRQHandler
                0x08002dc0                FDCAN1_IT0_IRQHandler
                0x08002dc0                TIM2_IRQHandler
                0x08002dc0                OTG_FS_WKUP_IRQHandler
                0x08002dc0                OTG_HS_IRQHandler
                0x08002dc0                DMA2D_IRQHandler
                0x08002dc0                TIM1_BRK_IRQHandler
                0x08002dc0                EXTI1_IRQHandler
                0x08002dc0                SDMMC2_IRQHandler
                0x08002dc0                OTG_FS_EP1_OUT_IRQHandler
                0x08002dc0                BDMA_Channel3_IRQHandler
                0x08002dc0                UART7_IRQHandler
                0x08002dc0                MDIOS_WKUP_IRQHandler
                0x08002dc0                USART2_IRQHandler
                0x08002dc0                DFSDM1_FLT0_IRQHandler
                0x08002dc0                SAI4_IRQHandler
                0x08002dc0                I2C2_ER_IRQHandler
                0x08002dc0                DMA2_Stream1_IRQHandler
                0x08002dc0                FLASH_IRQHandler
                0x08002dc0                DMA2_Stream4_IRQHandler
                0x08002dc0                USART1_IRQHandler
                0x08002dc0                OTG_FS_IRQHandler
                0x08002dc0                SPI3_IRQHandler
                0x08002dc0                WAKEUP_PIN_IRQHandler
                0x08002dc0                DMA1_Stream4_IRQHandler
                0x08002dc0                OTG_FS_EP1_IN_IRQHandler
                0x08002dc0                I2C1_ER_IRQHandler
                0x08002dc0                FMC_IRQHandler
                0x08002dc0                FDCAN_CAL_IRQHandler
                0x08002dc0                SWPMI1_IRQHandler
                0x08002dc0                COMP1_IRQHandler
                0x08002dc0                LPTIM1_IRQHandler
                0x08002dc0                I2C4_ER_IRQHandler
                0x08002dc0                DMA2_Stream6_IRQHandler
                0x08002dc0                SAI1_IRQHandler
                0x08002dc0                DMA1_Stream3_IRQHandler
 *fill*         0x08002dc2        0x2 
 .text.__libc_init_array
                0x08002dc4       0x48 d:/programs/atollic truestudio/truestudio for stm32 9.1.0/armtools/bin/../lib/gcc/arm-atollic-eabi/6.3.1/../../../../arm-atollic-eabi/lib/armv7e-m/fpu/fpv5-d16\libc_nano.a(lib_a-init.o)
                0x08002dc4                __libc_init_array
 *(.glue_7)
 .glue_7        0x08002e0c        0x0 linker stubs
 *(.glue_7t)
 .glue_7t       0x08002e0c        0x0 linker stubs
 *(.eh_frame)
 .eh_frame      0x08002e0c        0x0 d:/programs/atollic truestudio/truestudio for stm32 9.1.0/armtools/bin/../lib/gcc/arm-atollic-eabi/6.3.1/armv7e-m/fpu/fpv5-d16/crtbegin.o
 *(.init)
 .init          0x08002e0c        0x4 d:/programs/atollic truestudio/truestudio for stm32 9.1.0/armtools/bin/../lib/gcc/arm-atollic-eabi/6.3.1/armv7e-m/fpu/fpv5-d16/crti.o
                0x08002e0c                _init
 .init          0x08002e10        0x8 d:/programs/atollic truestudio/truestudio for stm32 9.1.0/armtools/bin/../lib/gcc/arm-atollic-eabi/6.3.1/armv7e-m/fpu/fpv5-d16/crtn.o
 *(.fini)
 .fini          0x08002e18        0x4 d:/programs/atollic truestudio/truestudio for stm32 9.1.0/armtools/bin/../lib/gcc/arm-atollic-eabi/6.3.1/armv7e-m/fpu/fpv5-d16/crti.o
                0x08002e18                _fini
 .fini          0x08002e1c        0x8 d:/programs/atollic truestudio/truestudio for stm32 9.1.0/armtools/bin/../lib/gcc/arm-atollic-eabi/6.3.1/armv7e-m/fpu/fpv5-d16/crtn.o
                0x08002e24                . = ALIGN (0x4)
                0x08002e24                _etext = .

.vfp11_veneer   0x08002e24        0x0
 .vfp11_veneer  0x08002e24        0x0 linker stubs

.v4_bx          0x08002e24        0x0
 .v4_bx         0x08002e24        0x0 linker stubs

.iplt           0x08002e24        0x0
 .iplt          0x08002e24        0x0 d:/programs/atollic truestudio/truestudio for stm32 9.1.0/armtools/bin/../lib/gcc/arm-atollic-eabi/6.3.1/armv7e-m/fpu/fpv5-d16/crtbegin.o

.rodata         0x08002e24       0x44
                0x08002e24                . = ALIGN (0x4)
 *(.rodata)
 .rodata        0x08002e24       0x14 Src\freertos.o
 *(.rodata*)
 .rodata.vTaskStartScheduler.str1.1
                0x08002e38        0x5 Middlewares\FreeRTOS\tasks.o
 .rodata.str1.1
                0x08002e3d        0xc Src\freertos.o
 .rodata.MX_I2C1_Init.str1.1
                0x08002e49        0xd Src\i2c.o
 .rodata.D1CorePrescTable
                0x08002e56       0x10 Src\system_stm32h7xx.o
                0x08002e56                D1CorePrescTable
                0x08002e68                . = ALIGN (0x4)
 *fill*         0x08002e66        0x2 

.rel.dyn        0x08002e68        0x0
 .rel.iplt      0x08002e68        0x0 d:/programs/atollic truestudio/truestudio for stm32 9.1.0/armtools/bin/../lib/gcc/arm-atollic-eabi/6.3.1/armv7e-m/fpu/fpv5-d16/crtbegin.o

.ARM.extab
 *(.ARM.extab* .gnu.linkonce.armextab.*)

.ARM            0x08002e68        0x0
                0x08002e68                __exidx_start = .
 *(.ARM.exidx*)
                0x08002e68                __exidx_end = .

.preinit_array  0x08002e68        0x0
                0x08002e68                PROVIDE (__preinit_array_start, .)
 *(.preinit_array*)
                0x08002e68                PROVIDE (__preinit_array_end, .)

.init_array     0x08002e68        0x4
                0x08002e68                PROVIDE (__init_array_start, .)
 *(SORT(.init_array.*))
 *(.init_array*)
 .init_array    0x08002e68        0x4 d:/programs/atollic truestudio/truestudio for stm32 9.1.0/armtools/bin/../lib/gcc/arm-atollic-eabi/6.3.1/armv7e-m/fpu/fpv5-d16/crtbegin.o
                0x08002e6c                PROVIDE (__init_array_end, .)

.fini_array     0x08002e6c        0x4
                [!provide]                PROVIDE (__fini_array_start, .)
 *(SORT(.fini_array.*))
 *(.fini_array*)
 .fini_array    0x08002e6c        0x4 d:/programs/atollic truestudio/truestudio for stm32 9.1.0/armtools/bin/../lib/gcc/arm-atollic-eabi/6.3.1/armv7e-m/fpu/fpv5-d16/crtbegin.o
                [!provide]                PROVIDE (__fini_array_end, .)
                0x08002e70                _sidata = LOADADDR (.data)

.data           0x20000000       0x10 load address 0x08002e70
                0x20000000                . = ALIGN (0x4)
                0x20000000                _sdata = .
 *(.data)
 *(.data*)
 .data.uwTickFreq
                0x20000000        0x1 Drivers\STM32H7xx_HAL_Driver\stm32h7xx_hal.o
 *fill*         0x20000001        0x3 
 .data.uxCriticalNesting
                0x20000004        0x4 Middlewares\FreeRTOS\port.o
 .data.SystemCoreClock
                0x20000008        0x4 Src\system_stm32h7xx.o
                0x20000008                SystemCoreClock
 .data.SystemD2Clock
                0x2000000c        0x4 Src\system_stm32h7xx.o
                0x2000000c                SystemD2Clock
                0x20000010                . = ALIGN (0x4)
                0x20000010                _edata = .

.igot.plt       0x20000010        0x0 load address 0x08002e80
 .igot.plt      0x20000010        0x0 d:/programs/atollic truestudio/truestudio for stm32 9.1.0/armtools/bin/../lib/gcc/arm-atollic-eabi/6.3.1/armv7e-m/fpu/fpv5-d16/crtbegin.o
                0x20000010                . = ALIGN (0x4)

.bss            0x20000010     0x3dfc load address 0x08002e80
                0x20000010                _sbss = .
                0x20000010                __bss_start__ = _sbss
 *(.bss)
 .bss           0x20000010       0x1c d:/programs/atollic truestudio/truestudio for stm32 9.1.0/armtools/bin/../lib/gcc/arm-atollic-eabi/6.3.1/armv7e-m/fpu/fpv5-d16/crtbegin.o
 *(.bss*)
 .bss.uwTick    0x2000002c        0x4 Drivers\STM32H7xx_HAL_Driver\stm32h7xx_hal.o
 .bss.pxEnd     0x20000030        0x4 Middlewares\FreeRTOS\heap_4.o
 .bss.ucHeap    0x20000034     0x3c00 Middlewares\FreeRTOS\heap_4.o
 .bss.xBlockAllocatedBit
                0x20003c34        0x4 Middlewares\FreeRTOS\heap_4.o
 .bss.xFreeBytesRemaining
                0x20003c38        0x4 Middlewares\FreeRTOS\heap_4.o
 .bss.xMinimumEverFreeBytesRemaining
                0x20003c3c        0x4 Middlewares\FreeRTOS\heap_4.o
 .bss.xStart    0x20003c40        0x8 Middlewares\FreeRTOS\heap_4.o
 .bss.ucMaxSysCallPriority
                0x20003c48        0x1 Middlewares\FreeRTOS\port.o
 *fill*         0x20003c49        0x3 
 .bss.ulMaxPRIGROUPValue
                0x20003c4c        0x4 Middlewares\FreeRTOS\port.o
 .bss.pxCurrentTCB
                0x20003c50        0x4 Middlewares\FreeRTOS\tasks.o
                0x20003c50                pxCurrentTCB
 .bss.pxDelayedTaskList
                0x20003c54        0x4 Middlewares\FreeRTOS\tasks.o
 .bss.pxOverflowDelayedTaskList
                0x20003c58        0x4 Middlewares\FreeRTOS\tasks.o
 .bss.pxReadyTasksLists
                0x20003c5c       0x8c Middlewares\FreeRTOS\tasks.o
 .bss.uxCurrentNumberOfTasks
                0x20003ce8        0x4 Middlewares\FreeRTOS\tasks.o
 .bss.uxDeletedTasksWaitingCleanUp
                0x20003cec        0x4 Middlewares\FreeRTOS\tasks.o
 .bss.uxPendedTicks
                0x20003cf0        0x4 Middlewares\FreeRTOS\tasks.o
 .bss.uxSchedulerSuspended
                0x20003cf4        0x4 Middlewares\FreeRTOS\tasks.o
 .bss.uxTaskNumber
                0x20003cf8        0x4 Middlewares\FreeRTOS\tasks.o
 .bss.uxTopReadyPriority
                0x20003cfc        0x4 Middlewares\FreeRTOS\tasks.o
 .bss.xDelayedTaskList1
                0x20003d00       0x14 Middlewares\FreeRTOS\tasks.o
 .bss.xDelayedTaskList2
                0x20003d14       0x14 Middlewares\FreeRTOS\tasks.o
 .bss.xIdleTaskHandle
                0x20003d28        0x4 Middlewares\FreeRTOS\tasks.o
 .bss.xNextTaskUnblockTime
                0x20003d2c        0x4 Middlewares\FreeRTOS\tasks.o
 .bss.xNumOfOverflows
                0x20003d30        0x4 Middlewares\FreeRTOS\tasks.o
 .bss.xPendingReadyList
                0x20003d34       0x14 Middlewares\FreeRTOS\tasks.o
 .bss.xSchedulerRunning
                0x20003d48        0x4 Middlewares\FreeRTOS\tasks.o
 .bss.xSuspendedTaskList
                0x20003d4c       0x14 Middlewares\FreeRTOS\tasks.o
 .bss.xTasksWaitingTermination
                0x20003d60       0x14 Middlewares\FreeRTOS\tasks.o
 .bss.xTickCount
                0x20003d74        0x4 Middlewares\FreeRTOS\tasks.o
 .bss.xYieldPending
                0x20003d78        0x4 Middlewares\FreeRTOS\tasks.o
 *(COMMON)
 COMMON         0x20003d7c        0x4 Src\freertos.o
                0x20003d7c                defaultTaskHandle
 COMMON         0x20003d80       0x4c Src\i2c.o
                0x20003d80                hi2c1
 COMMON         0x20003dcc       0x40 Src\stm32h7xx_hal_timebase_TIM.o
                0x20003dcc                htim1
                0x20003e0c                . = ALIGN (0x4)
                0x20003e0c                _ebss = .
                0x20003e0c                __bss_end__ = _ebss

._user_heap_stack
                0x20003e0c      0x600 load address 0x08002e80
                0x20003e0c                . = ALIGN (0x4)
                [!provide]                PROVIDE (end, .)
                [!provide]                PROVIDE (_end, .)
                0x2000400c                . = (. + _Min_Heap_Size)
 *fill*         0x20003e0c      0x200 
                0x2000440c                . = (. + _Min_Stack_Size)
 *fill*         0x2000400c      0x400 
                0x2000440c                . = ALIGN (0x4)

/DISCARD/
 libc.a(*)
 libm.a(*)
 libgcc.a(*)

.ARM.attributes
                0x00000000       0x2e
 *(.ARM.attributes)
 .ARM.attributes
                0x00000000       0x20 d:/programs/atollic truestudio/truestudio for stm32 9.1.0/armtools/bin/../lib/gcc/arm-atollic-eabi/6.3.1/armv7e-m/fpu/fpv5-d16/crti.o
 .ARM.attributes
                0x00000020       0x32 d:/programs/atollic truestudio/truestudio for stm32 9.1.0/armtools/bin/../lib/gcc/arm-atollic-eabi/6.3.1/armv7e-m/fpu/fpv5-d16/crtbegin.o
 .ARM.attributes
                0x00000052       0x37 Drivers\STM32H7xx_HAL_Driver\stm32h7xx_hal.o
 .ARM.attributes
                0x00000089       0x37 Drivers\STM32H7xx_HAL_Driver\stm32h7xx_hal_cortex.o
 .ARM.attributes
                0x000000c0       0x37 Drivers\STM32H7xx_HAL_Driver\stm32h7xx_hal_gpio.o
 .ARM.attributes
                0x000000f7       0x37 Drivers\STM32H7xx_HAL_Driver\stm32h7xx_hal_i2c.o
 .ARM.attributes
                0x0000012e       0x37 Drivers\STM32H7xx_HAL_Driver\stm32h7xx_hal_i2c_ex.o
 .ARM.attributes
                0x00000165       0x37 Drivers\STM32H7xx_HAL_Driver\stm32h7xx_hal_rcc.o
 .ARM.attributes
                0x0000019c       0x37 Drivers\STM32H7xx_HAL_Driver\stm32h7xx_hal_rcc_ex.o
 .ARM.attributes
                0x000001d3       0x37 Drivers\STM32H7xx_HAL_Driver\stm32h7xx_hal_tim.o
 .ARM.attributes
                0x0000020a       0x37 Drivers\STM32H7xx_HAL_Driver\stm32h7xx_hal_tim_ex.o
 .ARM.attributes
                0x00000241       0x37 Middlewares\FreeRTOS\cmsis_os.o
 .ARM.attributes
                0x00000278       0x37 Middlewares\FreeRTOS\heap_4.o
 .ARM.attributes
                0x000002af       0x37 Middlewares\FreeRTOS\list.o
 .ARM.attributes
                0x000002e6       0x37 Middlewares\FreeRTOS\port.o
 .ARM.attributes
                0x0000031d       0x37 Middlewares\FreeRTOS\tasks.o
 .ARM.attributes
                0x00000354       0x37 Src\freertos.o
 .ARM.attributes
                0x0000038b       0x37 Src\gpio.o
 .ARM.attributes
                0x000003c2       0x37 Src\i2c.o
 .ARM.attributes
                0x000003f9       0x37 Src\main.o
 .ARM.attributes
                0x00000430       0x37 Src\stm32h7xx_hal_msp.o
 .ARM.attributes
                0x00000467       0x37 Src\stm32h7xx_hal_timebase_TIM.o
 .ARM.attributes
                0x0000049e       0x37 Src\stm32h7xx_it.o
 .ARM.attributes
                0x000004d5       0x37 Src\system_stm32h7xx.o
 .ARM.attributes
                0x0000050c       0x21 startup\startup_stm32h743xx.o
 .ARM.attributes
                0x0000052d       0x32 d:/programs/atollic truestudio/truestudio for stm32 9.1.0/armtools/bin/../lib/gcc/arm-atollic-eabi/6.3.1/../../../../arm-atollic-eabi/lib/armv7e-m/fpu/fpv5-d16\libc_nano.a(lib_a-init.o)
 .ARM.attributes
                0x0000055f       0x20 d:/programs/atollic truestudio/truestudio for stm32 9.1.0/armtools/bin/../lib/gcc/arm-atollic-eabi/6.3.1/armv7e-m/fpu/fpv5-d16/crtn.o
OUTPUT(praca_przejsciowa.elf elf32-littlearm)

.debug_info     0x00000000    0x22b96
 .debug_info    0x00000000     0x1d06 Drivers\STM32H7xx_HAL_Driver\stm32h7xx_hal.o
 .debug_info    0x00001d06     0x1a66 Drivers\STM32H7xx_HAL_Driver\stm32h7xx_hal_cortex.o
 .debug_info    0x0000376c     0x145f Drivers\STM32H7xx_HAL_Driver\stm32h7xx_hal_gpio.o
 .debug_info    0x00004bcb     0x3abd Drivers\STM32H7xx_HAL_Driver\stm32h7xx_hal_i2c.o
 .debug_info    0x00008688     0x15ad Drivers\STM32H7xx_HAL_Driver\stm32h7xx_hal_i2c_ex.o
 .debug_info    0x00009c35     0x1ab3 Drivers\STM32H7xx_HAL_Driver\stm32h7xx_hal_rcc.o
 .debug_info    0x0000b6e8     0x2077 Drivers\STM32H7xx_HAL_Driver\stm32h7xx_hal_rcc_ex.o
 .debug_info    0x0000d75f     0x3d54 Drivers\STM32H7xx_HAL_Driver\stm32h7xx_hal_tim.o
 .debug_info    0x000114b3     0x1cd3 Drivers\STM32H7xx_HAL_Driver\stm32h7xx_hal_tim_ex.o
 .debug_info    0x00013186     0x24f5 Middlewares\FreeRTOS\cmsis_os.o
 .debug_info    0x0001567b      0xca5 Middlewares\FreeRTOS\heap_4.o
 .debug_info    0x00016320      0xac0 Middlewares\FreeRTOS\list.o
 .debug_info    0x00016de0      0x4e8 Middlewares\FreeRTOS\port.o
 .debug_info    0x000172c8     0x2999 Middlewares\FreeRTOS\tasks.o
 .debug_info    0x00019c61      0x223 Src\freertos.o
 .debug_info    0x00019e84     0x1000 Src\gpio.o
 .debug_info    0x0001ae84     0x1543 Src\i2c.o
 .debug_info    0x0001c3c7     0x1c7c Src\main.o
 .debug_info    0x0001e043     0x1151 Src\stm32h7xx_hal_msp.o
 .debug_info    0x0001f194     0x185b Src\stm32h7xx_hal_timebase_TIM.o
 .debug_info    0x000209ef      0xfef Src\stm32h7xx_it.o
 .debug_info    0x000219de     0x1132 Src\system_stm32h7xx.o
 .debug_info    0x00022b10       0x86 startup\startup_stm32h743xx.o

.debug_abbrev   0x00000000     0x3e0a
 .debug_abbrev  0x00000000      0x386 Drivers\STM32H7xx_HAL_Driver\stm32h7xx_hal.o
 .debug_abbrev  0x00000386      0x3b1 Drivers\STM32H7xx_HAL_Driver\stm32h7xx_hal_cortex.o
 .debug_abbrev  0x00000737      0x2a2 Drivers\STM32H7xx_HAL_Driver\stm32h7xx_hal_gpio.o
 .debug_abbrev  0x000009d9      0x3b8 Drivers\STM32H7xx_HAL_Driver\stm32h7xx_hal_i2c.o
 .debug_abbrev  0x00000d91      0x243 Drivers\STM32H7xx_HAL_Driver\stm32h7xx_hal_i2c_ex.o
 .debug_abbrev  0x00000fd4      0x375 Drivers\STM32H7xx_HAL_Driver\stm32h7xx_hal_rcc.o
 .debug_abbrev  0x00001349      0x398 Drivers\STM32H7xx_HAL_Driver\stm32h7xx_hal_rcc_ex.o
 .debug_abbrev  0x000016e1      0x3ab Drivers\STM32H7xx_HAL_Driver\stm32h7xx_hal_tim.o
 .debug_abbrev  0x00001a8c      0x30d Drivers\STM32H7xx_HAL_Driver\stm32h7xx_hal_tim_ex.o
 .debug_abbrev  0x00001d99      0x468 Middlewares\FreeRTOS\cmsis_os.o
 .debug_abbrev  0x00002201      0x314 Middlewares\FreeRTOS\heap_4.o
 .debug_abbrev  0x00002515      0x1e3 Middlewares\FreeRTOS\list.o
 .debug_abbrev  0x000026f8      0x211 Middlewares\FreeRTOS\port.o
 .debug_abbrev  0x00002909      0x419 Middlewares\FreeRTOS\tasks.o
 .debug_abbrev  0x00002d22      0x131 Src\freertos.o
 .debug_abbrev  0x00002e53      0x213 Src\gpio.o
 .debug_abbrev  0x00003066      0x245 Src\i2c.o
 .debug_abbrev  0x000032ab      0x296 Src\main.o
 .debug_abbrev  0x00003541      0x204 Src\stm32h7xx_hal_msp.o
 .debug_abbrev  0x00003745      0x274 Src\stm32h7xx_hal_timebase_TIM.o
 .debug_abbrev  0x000039b9      0x215 Src\stm32h7xx_it.o
 .debug_abbrev  0x00003bce      0x22a Src\system_stm32h7xx.o
 .debug_abbrev  0x00003df8       0x12 startup\startup_stm32h743xx.o

.debug_loc      0x00000000     0xbd71
 .debug_loc     0x00000000      0x3ff Drivers\STM32H7xx_HAL_Driver\stm32h7xx_hal.o
 .debug_loc     0x000003ff      0x56a Drivers\STM32H7xx_HAL_Driver\stm32h7xx_hal_cortex.o
 .debug_loc     0x00000969      0x388 Drivers\STM32H7xx_HAL_Driver\stm32h7xx_hal_gpio.o
 .debug_loc     0x00000cf1     0x31e2 Drivers\STM32H7xx_HAL_Driver\stm32h7xx_hal_i2c.o
 .debug_loc     0x00003ed3      0x1b8 Drivers\STM32H7xx_HAL_Driver\stm32h7xx_hal_i2c_ex.o
 .debug_loc     0x0000408b      0x512 Drivers\STM32H7xx_HAL_Driver\stm32h7xx_hal_rcc.o
 .debug_loc     0x0000459d      0xdf5 Drivers\STM32H7xx_HAL_Driver\stm32h7xx_hal_rcc_ex.o
 .debug_loc     0x00005392     0x321b Drivers\STM32H7xx_HAL_Driver\stm32h7xx_hal_tim.o
 .debug_loc     0x000085ad      0xd57 Drivers\STM32H7xx_HAL_Driver\stm32h7xx_hal_tim_ex.o
 .debug_loc     0x00009304     0x1037 Middlewares\FreeRTOS\cmsis_os.o
 .debug_loc     0x0000a33b      0x390 Middlewares\FreeRTOS\heap_4.o
 .debug_loc     0x0000a6cb       0x94 Middlewares\FreeRTOS\list.o
 .debug_loc     0x0000a75f       0x9d Middlewares\FreeRTOS\port.o
 .debug_loc     0x0000a7fc     0x124d Middlewares\FreeRTOS\tasks.o
 .debug_loc     0x0000ba49       0x21 Src\freertos.o
 .debug_loc     0x0000ba6a       0x4d Src\i2c.o
 .debug_loc     0x0000bab7       0x2c Src\main.o
 .debug_loc     0x0000bae3       0x94 Src\stm32h7xx_hal_timebase_TIM.o
 .debug_loc     0x0000bb77      0x1fa Src\system_stm32h7xx.o

.debug_aranges  0x00000000      0xf50
 .debug_aranges
                0x00000000      0x198 Drivers\STM32H7xx_HAL_Driver\stm32h7xx_hal.o
 .debug_aranges
                0x00000198       0xb0 Drivers\STM32H7xx_HAL_Driver\stm32h7xx_hal_cortex.o
 .debug_aranges
                0x00000248       0x58 Drivers\STM32H7xx_HAL_Driver\stm32h7xx_hal_gpio.o
 .debug_aranges
                0x000002a0      0x200 Drivers\STM32H7xx_HAL_Driver\stm32h7xx_hal_i2c.o
 .debug_aranges
                0x000004a0       0x48 Drivers\STM32H7xx_HAL_Driver\stm32h7xx_hal_i2c_ex.o
 .debug_aranges
                0x000004e8       0x80 Drivers\STM32H7xx_HAL_Driver\stm32h7xx_hal_rcc.o
 .debug_aranges
                0x00000568       0xd0 Drivers\STM32H7xx_HAL_Driver\stm32h7xx_hal_rcc_ex.o
 .debug_aranges
                0x00000638      0x268 Drivers\STM32H7xx_HAL_Driver\stm32h7xx_hal_tim.o
 .debug_aranges
                0x000008a0      0x108 Drivers\STM32H7xx_HAL_Driver\stm32h7xx_hal_tim_ex.o
 .debug_aranges
                0x000009a8      0x190 Middlewares\FreeRTOS\cmsis_os.o
 .debug_aranges
                0x00000b38       0x48 Middlewares\FreeRTOS\heap_4.o
 .debug_aranges
                0x00000b80       0x40 Middlewares\FreeRTOS\list.o
 .debug_aranges
                0x00000bc0       0x80 Middlewares\FreeRTOS\port.o
 .debug_aranges
                0x00000c40      0x170 Middlewares\FreeRTOS\tasks.o
 .debug_aranges
                0x00000db0       0x28 Src\freertos.o
 .debug_aranges
                0x00000dd8       0x20 Src\gpio.o
 .debug_aranges
                0x00000df8       0x30 Src\i2c.o
 .debug_aranges
                0x00000e28       0x38 Src\main.o
 .debug_aranges
                0x00000e60       0x20 Src\stm32h7xx_hal_msp.o
 .debug_aranges
                0x00000e80       0x30 Src\stm32h7xx_hal_timebase_TIM.o
 .debug_aranges
                0x00000eb0       0x50 Src\stm32h7xx_it.o
 .debug_aranges
                0x00000f00       0x28 Src\system_stm32h7xx.o
 .debug_aranges
                0x00000f28       0x28 startup\startup_stm32h743xx.o

.debug_ranges   0x00000000     0x1588
 .debug_ranges  0x00000000      0x188 Drivers\STM32H7xx_HAL_Driver\stm32h7xx_hal.o
 .debug_ranges  0x00000188      0x140 Drivers\STM32H7xx_HAL_Driver\stm32h7xx_hal_cortex.o
 .debug_ranges  0x000002c8       0x70 Drivers\STM32H7xx_HAL_Driver\stm32h7xx_hal_gpio.o
 .debug_ranges  0x00000338      0x268 Drivers\STM32H7xx_HAL_Driver\stm32h7xx_hal_i2c.o
 .debug_ranges  0x000005a0       0x78 Drivers\STM32H7xx_HAL_Driver\stm32h7xx_hal_i2c_ex.o
 .debug_ranges  0x00000618      0x208 Drivers\STM32H7xx_HAL_Driver\stm32h7xx_hal_rcc.o
 .debug_ranges  0x00000820      0x270 Drivers\STM32H7xx_HAL_Driver\stm32h7xx_hal_rcc_ex.o
 .debug_ranges  0x00000a90      0x318 Drivers\STM32H7xx_HAL_Driver\stm32h7xx_hal_tim.o
 .debug_ranges  0x00000da8       0xf8 Drivers\STM32H7xx_HAL_Driver\stm32h7xx_hal_tim_ex.o
 .debug_ranges  0x00000ea0      0x1b0 Middlewares\FreeRTOS\cmsis_os.o
 .debug_ranges  0x00001050       0x38 Middlewares\FreeRTOS\heap_4.o
 .debug_ranges  0x00001088       0x30 Middlewares\FreeRTOS\list.o
 .debug_ranges  0x000010b8       0x90 Middlewares\FreeRTOS\port.o
 .debug_ranges  0x00001148      0x278 Middlewares\FreeRTOS\tasks.o
 .debug_ranges  0x000013c0       0x18 Src\freertos.o
 .debug_ranges  0x000013d8       0x68 Src\gpio.o
 .debug_ranges  0x00001440       0x20 Src\i2c.o
 .debug_ranges  0x00001460       0x28 Src\main.o
 .debug_ranges  0x00001488       0x30 Src\stm32h7xx_hal_msp.o
 .debug_ranges  0x000014b8       0x40 Src\stm32h7xx_hal_timebase_TIM.o
 .debug_ranges  0x000014f8       0x40 Src\stm32h7xx_it.o
 .debug_ranges  0x00001538       0x30 Src\system_stm32h7xx.o
 .debug_ranges  0x00001568       0x20 startup\startup_stm32h743xx.o

.debug_line     0x00000000     0xa093
 .debug_line    0x00000000      0x758 Drivers\STM32H7xx_HAL_Driver\stm32h7xx_hal.o
 .debug_line    0x00000758      0x5e2 Drivers\STM32H7xx_HAL_Driver\stm32h7xx_hal_cortex.o
 .debug_line    0x00000d3a      0x592 Drivers\STM32H7xx_HAL_Driver\stm32h7xx_hal_gpio.o
 .debug_line    0x000012cc     0x166d Drivers\STM32H7xx_HAL_Driver\stm32h7xx_hal_i2c.o
 .debug_line    0x00002939      0x4c9 Drivers\STM32H7xx_HAL_Driver\stm32h7xx_hal_i2c_ex.o
 .debug_line    0x00002e02      0x8aa Drivers\STM32H7xx_HAL_Driver\stm32h7xx_hal_rcc.o
 .debug_line    0x000036ac      0xb1e Drivers\STM32H7xx_HAL_Driver\stm32h7xx_hal_rcc_ex.o
 .debug_line    0x000041ca     0x1536 Drivers\STM32H7xx_HAL_Driver\stm32h7xx_hal_tim.o
 .debug_line    0x00005700      0x924 Drivers\STM32H7xx_HAL_Driver\stm32h7xx_hal_tim_ex.o
 .debug_line    0x00006024      0x9cb Middlewares\FreeRTOS\cmsis_os.o
 .debug_line    0x000069ef      0x4be Middlewares\FreeRTOS\heap_4.o
 .debug_line    0x00006ead      0x411 Middlewares\FreeRTOS\list.o
 .debug_line    0x000072be      0x42a Middlewares\FreeRTOS\port.o
 .debug_line    0x000076e8      0xc45 Middlewares\FreeRTOS\tasks.o
 .debug_line    0x0000832d      0x255 Src\freertos.o
 .debug_line    0x00008582      0x39b Src\gpio.o
 .debug_line    0x0000891d      0x3cc Src\i2c.o
 .debug_line    0x00008ce9      0x4c9 Src\main.o
 .debug_line    0x000091b2      0x332 Src\stm32h7xx_hal_msp.o
 .debug_line    0x000094e4      0x3cd Src\stm32h7xx_hal_timebase_TIM.o
 .debug_line    0x000098b1      0x428 Src\stm32h7xx_it.o
 .debug_line    0x00009cd9      0x33b Src\system_stm32h7xx.o
 .debug_line    0x0000a014       0x7f startup\startup_stm32h743xx.o

.debug_str      0x00000000     0x6eae
 .debug_str     0x00000000     0x187e Drivers\STM32H7xx_HAL_Driver\stm32h7xx_hal.o
                               0x195f (size before relaxing)
 .debug_str     0x0000187e      0x578 Drivers\STM32H7xx_HAL_Driver\stm32h7xx_hal_cortex.o
                               0x14ea (size before relaxing)
 .debug_str     0x00001df6      0x1da Drivers\STM32H7xx_HAL_Driver\stm32h7xx_hal_gpio.o
                                0xba9 (size before relaxing)
 .debug_str     0x00001fd0      0xdae Drivers\STM32H7xx_HAL_Driver\stm32h7xx_hal_i2c.o
                               0x14c2 (size before relaxing)
 .debug_str     0x00002d7e      0x128 Drivers\STM32H7xx_HAL_Driver\stm32h7xx_hal_i2c_ex.o
                                0xff1 (size before relaxing)
 .debug_str     0x00002ea6      0x4e6 Drivers\STM32H7xx_HAL_Driver\stm32h7xx_hal_rcc.o
                                0xe4f (size before relaxing)
 .debug_str     0x0000338c      0x8c7 Drivers\STM32H7xx_HAL_Driver\stm32h7xx_hal_rcc_ex.o
                               0x1273 (size before relaxing)
 .debug_str     0x00003c53      0xfd3 Drivers\STM32H7xx_HAL_Driver\stm32h7xx_hal_tim.o
                               0x1a02 (size before relaxing)
 .debug_str     0x00004c26      0x670 Drivers\STM32H7xx_HAL_Driver\stm32h7xx_hal_tim_ex.o
                               0x1407 (size before relaxing)
 .debug_str     0x00005296      0xb75 Middlewares\FreeRTOS\cmsis_os.o
                               0x1246 (size before relaxing)
 .debug_str     0x00005e0b      0x244 Middlewares\FreeRTOS\heap_4.o
                                0x87c (size before relaxing)
 .debug_str     0x0000604f      0x179 Middlewares\FreeRTOS\list.o
                                0x793 (size before relaxing)
 .debug_str     0x000061c8      0x245 Middlewares\FreeRTOS\port.o
                                0x4c6 (size before relaxing)
 .debug_str     0x0000640d      0x859 Middlewares\FreeRTOS\tasks.o
                               0x128e (size before relaxing)
 .debug_str     0x00006c66       0x60 Src\freertos.o
                                0x348 (size before relaxing)
 .debug_str     0x00006cc6       0x1b Src\gpio.o
                                0x93a (size before relaxing)
 .debug_str     0x00006ce1       0x39 Src\i2c.o
                                0xf81 (size before relaxing)
 .debug_str     0x00006d1a       0x3f Src\main.o
                               0x1ce3 (size before relaxing)
 .debug_str     0x00006d59       0x1b Src\stm32h7xx_hal_msp.o
                               0x10c8 (size before relaxing)
 .debug_str     0x00006d74       0x61 Src\stm32h7xx_hal_timebase_TIM.o
                               0x17b0 (size before relaxing)
 .debug_str     0x00006dd5       0x9e Src\stm32h7xx_it.o
                                0xc81 (size before relaxing)
 .debug_str     0x00006e73       0x3b Src\system_stm32h7xx.o
                                0x9e7 (size before relaxing)

.comment        0x00000000       0x7c
 .comment       0x00000000       0x7c Drivers\STM32H7xx_HAL_Driver\stm32h7xx_hal.o
                                 0x7d (size before relaxing)
 .comment       0x0000007c       0x7d Drivers\STM32H7xx_HAL_Driver\stm32h7xx_hal_cortex.o
 .comment       0x0000007c       0x7d Drivers\STM32H7xx_HAL_Driver\stm32h7xx_hal_gpio.o
 .comment       0x0000007c       0x7d Drivers\STM32H7xx_HAL_Driver\stm32h7xx_hal_i2c.o
 .comment       0x0000007c       0x7d Drivers\STM32H7xx_HAL_Driver\stm32h7xx_hal_i2c_ex.o
 .comment       0x0000007c       0x7d Drivers\STM32H7xx_HAL_Driver\stm32h7xx_hal_rcc.o
 .comment       0x0000007c       0x7d Drivers\STM32H7xx_HAL_Driver\stm32h7xx_hal_rcc_ex.o
 .comment       0x0000007c       0x7d Drivers\STM32H7xx_HAL_Driver\stm32h7xx_hal_tim.o
 .comment       0x0000007c       0x7d Drivers\STM32H7xx_HAL_Driver\stm32h7xx_hal_tim_ex.o
 .comment       0x0000007c       0x7d Middlewares\FreeRTOS\cmsis_os.o
 .comment       0x0000007c       0x7d Middlewares\FreeRTOS\heap_4.o
 .comment       0x0000007c       0x7d Middlewares\FreeRTOS\list.o
 .comment       0x0000007c       0x7d Middlewares\FreeRTOS\port.o
 .comment       0x0000007c       0x7d Middlewares\FreeRTOS\tasks.o
 .comment       0x0000007c       0x7d Src\freertos.o
 .comment       0x0000007c       0x7d Src\gpio.o
 .comment       0x0000007c       0x7d Src\i2c.o
 .comment       0x0000007c       0x7d Src\main.o
 .comment       0x0000007c       0x7d Src\stm32h7xx_hal_msp.o
 .comment       0x0000007c       0x7d Src\stm32h7xx_hal_timebase_TIM.o
 .comment       0x0000007c       0x7d Src\stm32h7xx_it.o
 .comment       0x0000007c       0x7d Src\system_stm32h7xx.o

.debug_frame    0x00000000     0x2c50
 .debug_frame   0x00000000      0x384 Drivers\STM32H7xx_HAL_Driver\stm32h7xx_hal.o
 .debug_frame   0x00000384      0x168 Drivers\STM32H7xx_HAL_Driver\stm32h7xx_hal_cortex.o
 .debug_frame   0x000004ec       0xd8 Drivers\STM32H7xx_HAL_Driver\stm32h7xx_hal_gpio.o
 .debug_frame   0x000005c4      0x804 Drivers\STM32H7xx_HAL_Driver\stm32h7xx_hal_i2c.o
 .debug_frame   0x00000dc8       0x90 Drivers\STM32H7xx_HAL_Driver\stm32h7xx_hal_i2c_ex.o
 .debug_frame   0x00000e58      0x13c Drivers\STM32H7xx_HAL_Driver\stm32h7xx_hal_rcc.o
 .debug_frame   0x00000f94      0x254 Drivers\STM32H7xx_HAL_Driver\stm32h7xx_hal_rcc_ex.o
 .debug_frame   0x000011e8      0x8ac Drivers\STM32H7xx_HAL_Driver\stm32h7xx_hal_tim.o
 .debug_frame   0x00001a94      0x388 Drivers\STM32H7xx_HAL_Driver\stm32h7xx_hal_tim_ex.o
 .debug_frame   0x00001e1c      0x4d4 Middlewares\FreeRTOS\cmsis_os.o
 .debug_frame   0x000022f0       0x98 Middlewares\FreeRTOS\heap_4.o
 .debug_frame   0x00002388       0x6c Middlewares\FreeRTOS\list.o
 .debug_frame   0x000023f4       0xf0 Middlewares\FreeRTOS\port.o
 .debug_frame   0x000024e4      0x4ac Middlewares\FreeRTOS\tasks.o
 .debug_frame   0x00002990       0x48 Src\freertos.o
 .debug_frame   0x000029d8       0x3c Src\gpio.o
 .debug_frame   0x00002a14       0x58 Src\i2c.o
 .debug_frame   0x00002a6c       0x6c Src\main.o
 .debug_frame   0x00002ad8       0x28 Src\stm32h7xx_hal_msp.o
 .debug_frame   0x00002b00       0x50 Src\stm32h7xx_hal_timebase_TIM.o
 .debug_frame   0x00002b50       0x90 Src\stm32h7xx_it.o
 .debug_frame   0x00002be0       0x44 Src\system_stm32h7xx.o
 .debug_frame   0x00002c24       0x2c d:/programs/atollic truestudio/truestudio for stm32 9.1.0/armtools/bin/../lib/gcc/arm-atollic-eabi/6.3.1/../../../../arm-atollic-eabi/lib/armv7e-m/fpu/fpv5-d16\libc_nano.a(lib_a-init.o)
