Archive member included to satisfy reference by file (symbol)

d:/programs/atollic truestudio/truestudio for stm32 9.1.0/armtools/bin/../lib/gcc/arm-atollic-eabi/6.3.1/../../../../arm-atollic-eabi/lib/armv7e-m/fpu/fpv5-d16\libc_nano.a(lib_a-init.o)
                              startup\startup_stm32h743xx.o (__libc_init_array)
d:/programs/atollic truestudio/truestudio for stm32 9.1.0/armtools/bin/../lib/gcc/arm-atollic-eabi/6.3.1/../../../../arm-atollic-eabi/lib/armv7e-m/fpu/fpv5-d16\libc_nano.a(lib_a-memcpy-stub.o)
                              Middlewares\FreeRTOS\queue.o (memcpy)

Allocating common symbols
Common symbol       size              file

defaultTaskHandle   0x4               Src\freertos.o
xQueueRegistry      0x40              Middlewares\FreeRTOS\queue.o
pFlash              0x1c              Drivers\STM32H7xx_HAL_Driver\stm32h7xx_hal_flash.o

Discarded input sections

 .text          0x00000000        0x0 d:/programs/atollic truestudio/truestudio for stm32 9.1.0/armtools/bin/../lib/gcc/arm-atollic-eabi/6.3.1/armv7e-m/fpu/fpv5-d16/crti.o
 .data          0x00000000        0x0 d:/programs/atollic truestudio/truestudio for stm32 9.1.0/armtools/bin/../lib/gcc/arm-atollic-eabi/6.3.1/armv7e-m/fpu/fpv5-d16/crti.o
 .bss           0x00000000        0x0 d:/programs/atollic truestudio/truestudio for stm32 9.1.0/armtools/bin/../lib/gcc/arm-atollic-eabi/6.3.1/armv7e-m/fpu/fpv5-d16/crti.o
 .data          0x00000000        0x4 d:/programs/atollic truestudio/truestudio for stm32 9.1.0/armtools/bin/../lib/gcc/arm-atollic-eabi/6.3.1/armv7e-m/fpu/fpv5-d16/crtbegin.o
 .text          0x00000000        0x0 Drivers\STM32H7xx_HAL_Driver\stm32h7xx_hal.o
 .data          0x00000000        0x0 Drivers\STM32H7xx_HAL_Driver\stm32h7xx_hal.o
 .bss           0x00000000        0x0 Drivers\STM32H7xx_HAL_Driver\stm32h7xx_hal.o
 .text.HAL_MspInit
                0x00000000        0x2 Drivers\STM32H7xx_HAL_Driver\stm32h7xx_hal.o
 .text.HAL_MspDeInit
                0x00000000        0x2 Drivers\STM32H7xx_HAL_Driver\stm32h7xx_hal.o
 .text.HAL_DeInit
                0x00000000       0x5c Drivers\STM32H7xx_HAL_Driver\stm32h7xx_hal.o
 .text.HAL_GetTickPrio
                0x00000000        0xc Drivers\STM32H7xx_HAL_Driver\stm32h7xx_hal.o
 .text.HAL_SetTickFreq
                0x00000000       0x24 Drivers\STM32H7xx_HAL_Driver\stm32h7xx_hal.o
 .text.HAL_GetTickFreq
                0x00000000        0xc Drivers\STM32H7xx_HAL_Driver\stm32h7xx_hal.o
 .text.HAL_Delay
                0x00000000       0x24 Drivers\STM32H7xx_HAL_Driver\stm32h7xx_hal.o
 .text.HAL_SuspendTick
                0x00000000       0x10 Drivers\STM32H7xx_HAL_Driver\stm32h7xx_hal.o
 .text.HAL_ResumeTick
                0x00000000       0x10 Drivers\STM32H7xx_HAL_Driver\stm32h7xx_hal.o
 .text.HAL_GetHalVersion
                0x00000000        0x8 Drivers\STM32H7xx_HAL_Driver\stm32h7xx_hal.o
 .text.HAL_GetREVID
                0x00000000        0xc Drivers\STM32H7xx_HAL_Driver\stm32h7xx_hal.o
 .text.HAL_GetDEVID
                0x00000000       0x10 Drivers\STM32H7xx_HAL_Driver\stm32h7xx_hal.o
 .text.HAL_SYSCFG_VREFBUF_VoltageScalingConfig
                0x00000000       0x14 Drivers\STM32H7xx_HAL_Driver\stm32h7xx_hal.o
 .text.HAL_SYSCFG_VREFBUF_HighImpedanceConfig
                0x00000000       0x14 Drivers\STM32H7xx_HAL_Driver\stm32h7xx_hal.o
 .text.HAL_SYSCFG_VREFBUF_TrimmingConfig
                0x00000000       0x14 Drivers\STM32H7xx_HAL_Driver\stm32h7xx_hal.o
 .text.HAL_SYSCFG_EnableVREFBUF
                0x00000000       0x30 Drivers\STM32H7xx_HAL_Driver\stm32h7xx_hal.o
 .text.HAL_SYSCFG_DisableVREFBUF
                0x00000000       0x10 Drivers\STM32H7xx_HAL_Driver\stm32h7xx_hal.o
 .text.HAL_SYSCFG_ETHInterfaceSelect
                0x00000000       0x14 Drivers\STM32H7xx_HAL_Driver\stm32h7xx_hal.o
 .text.HAL_SYSCFG_AnalogSwitchConfig
                0x00000000       0x14 Drivers\STM32H7xx_HAL_Driver\stm32h7xx_hal.o
 .text.HAL_SYSCFG_EnableBOOST
                0x00000000       0x10 Drivers\STM32H7xx_HAL_Driver\stm32h7xx_hal.o
 .text.HAL_SYSCFG_DisableBOOST
                0x00000000       0x10 Drivers\STM32H7xx_HAL_Driver\stm32h7xx_hal.o
 .text.HAL_SYSCFG_CM7BootAddConfig
                0x00000000       0x38 Drivers\STM32H7xx_HAL_Driver\stm32h7xx_hal.o
 .text.HAL_EnableCompensationCell
                0x00000000       0x10 Drivers\STM32H7xx_HAL_Driver\stm32h7xx_hal.o
 .text.HAL_DisableCompensationCell
                0x00000000       0x10 Drivers\STM32H7xx_HAL_Driver\stm32h7xx_hal.o
 .text.HAL_SYSCFG_EnableIOSpeedOptimize
                0x00000000       0x10 Drivers\STM32H7xx_HAL_Driver\stm32h7xx_hal.o
 .text.HAL_SYSCFG_DisableIOSpeedOptimize
                0x00000000       0x10 Drivers\STM32H7xx_HAL_Driver\stm32h7xx_hal.o
 .text.HAL_SYSCFG_CompensationCodeSelect
                0x00000000       0x14 Drivers\STM32H7xx_HAL_Driver\stm32h7xx_hal.o
[...]
Memory Configuration

Name             Origin             Length             Attributes
DTCMRAM          0x20000000         0x00020000         xrw
RAM_D1           0x24000000         0x00080000         xrw
RAM_D2           0x30000000         0x00048000         xrw
RAM_D3           0x38000000         0x00010000         xrw
ITCMRAM          0x00000000         0x00010000         xrw
FLASH            0x08000000         0x00200000         xr
*default*        0x00000000         0xffffffff

Linker script and memory map

LOAD d:/programs/atollic truestudio/truestudio for stm32 9.1.0/armtools/bin/../lib/gcc/arm-atollic-eabi/6.3.1/armv7e-m/fpu/fpv5-d16/crti.o
LOAD d:/programs/atollic truestudio/truestudio for stm32 9.1.0/armtools/bin/../lib/gcc/arm-atollic-eabi/6.3.1/armv7e-m/fpu/fpv5-d16/crtbegin.o
LOAD Drivers\STM32H7xx_HAL_Driver\stm32h7xx_hal.o
LOAD Drivers\STM32H7xx_HAL_Driver\stm32h7xx_hal_cortex.o
LOAD Drivers\STM32H7xx_HAL_Driver\stm32h7xx_hal_dma.o
LOAD Drivers\STM32H7xx_HAL_Driver\stm32h7xx_hal_dma_ex.o
LOAD Drivers\STM32H7xx_HAL_Driver\stm32h7xx_hal_flash.o
LOAD Drivers\STM32H7xx_HAL_Driver\stm32h7xx_hal_flash_ex.o
LOAD Drivers\STM32H7xx_HAL_Driver\stm32h7xx_hal_gpio.o
LOAD Drivers\STM32H7xx_HAL_Driver\stm32h7xx_hal_hsem.o
LOAD Drivers\STM32H7xx_HAL_Driver\stm32h7xx_hal_i2c.o
LOAD Drivers\STM32H7xx_HAL_Driver\stm32h7xx_hal_i2c_ex.o
LOAD Drivers\STM32H7xx_HAL_Driver\stm32h7xx_hal_mdma.o
LOAD Drivers\STM32H7xx_HAL_Driver\stm32h7xx_hal_pwr.o
LOAD Drivers\STM32H7xx_HAL_Driver\stm32h7xx_hal_pwr_ex.o
LOAD Drivers\STM32H7xx_HAL_Driver\stm32h7xx_hal_rcc.o
LOAD Drivers\STM32H7xx_HAL_Driver\stm32h7xx_hal_rcc_ex.o
LOAD Drivers\STM32H7xx_HAL_Driver\stm32h7xx_hal_tim.o
LOAD Drivers\STM32H7xx_HAL_Driver\stm32h7xx_hal_tim_ex.o
LOAD Middlewares\FreeRTOS\cmsis_os.o
LOAD Middlewares\FreeRTOS\croutine.o
LOAD Middlewares\FreeRTOS\event_groups.o
LOAD Middlewares\FreeRTOS\heap_4.o
LOAD Middlewares\FreeRTOS\list.o
LOAD Middlewares\FreeRTOS\port.o
LOAD Middlewares\FreeRTOS\queue.o
LOAD Middlewares\FreeRTOS\tasks.o
LOAD Middlewares\FreeRTOS\timers.o
LOAD Src\Tasks\All.o
LOAD Src\freertos.o
LOAD Src\gpio.o
LOAD Src\main.o
LOAD Src\stm32h7xx_hal_msp.o
LOAD Src\stm32h7xx_it.o
LOAD Src\system_stm32h7xx.o
LOAD startup\startup_stm32h743xx.o
                0x00000080                malloc_getpagesize_P = 0x80
START GROUP
LOAD d:/programs/atollic truestudio/truestudio for stm32 9.1.0/armtools/bin/../lib/gcc/arm-atollic-eabi/6.3.1/../../../../arm-atollic-eabi/lib/armv7e-m/fpu/fpv5-d16\libc_nano.a
LOAD d:/programs/atollic truestudio/truestudio for stm32 9.1.0/armtools/bin/../lib/gcc/arm-atollic-eabi/6.3.1/../../../../arm-atollic-eabi/lib/armv7e-m/fpu/fpv5-d16\libm.a
END GROUP
START GROUP
LOAD d:/programs/atollic truestudio/truestudio for stm32 9.1.0/armtools/bin/../lib/gcc/arm-atollic-eabi/6.3.1/armv7e-m/fpu/fpv5-d16\libgcc.a
LOAD d:/programs/atollic truestudio/truestudio for stm32 9.1.0/armtools/bin/../lib/gcc/arm-atollic-eabi/6.3.1/../../../../arm-atollic-eabi/lib/armv7e-m/fpu/fpv5-d16\libc_nano.a
END GROUP
START GROUP
LOAD d:/programs/atollic truestudio/truestudio for stm32 9.1.0/armtools/bin/../lib/gcc/arm-atollic-eabi/6.3.1/armv7e-m/fpu/fpv5-d16\libgcc.a
LOAD d:/programs/atollic truestudio/truestudio for stm32 9.1.0/armtools/bin/../lib/gcc/arm-atollic-eabi/6.3.1/../../../../arm-atollic-eabi/lib/armv7e-m/fpu/fpv5-d16\libc_nano.a
LOAD d:/programs/atollic truestudio/truestudio for stm32 9.1.0/armtools/bin/../lib/gcc/arm-atollic-eabi/6.3.1/../../../../arm-atollic-eabi/lib/armv7e-m/fpu/fpv5-d16\libnosys.a
END GROUP
START GROUP
LOAD d:/programs/atollic truestudio/truestudio for stm32 9.1.0/armtools/bin/../lib/gcc/arm-atollic-eabi/6.3.1/armv7e-m/fpu/fpv5-d16\libgcc.a
LOAD d:/programs/atollic truestudio/truestudio for stm32 9.1.0/armtools/bin/../lib/gcc/arm-atollic-eabi/6.3.1/../../../../arm-atollic-eabi/lib/armv7e-m/fpu/fpv5-d16\libc_nano.a
LOAD d:/programs/atollic truestudio/truestudio for stm32 9.1.0/armtools/bin/../lib/gcc/arm-atollic-eabi/6.3.1/../../../../arm-atollic-eabi/lib/armv7e-m/fpu/fpv5-d16\libnosys.a
END GROUP
LOAD d:/programs/atollic truestudio/truestudio for stm32 9.1.0/armtools/bin/../lib/gcc/arm-atollic-eabi/6.3.1/armv7e-m/fpu/fpv5-d16/crtend.o
LOAD d:/programs/atollic truestudio/truestudio for stm32 9.1.0/armtools/bin/../lib/gcc/arm-atollic-eabi/6.3.1/armv7e-m/fpu/fpv5-d16/crtn.o
                0x20020000                _estack = 0x20020000
                0x00000200                _Min_Heap_Size = 0x200
                0x00000400                _Min_Stack_Size = 0x400

.isr_vector     0x08000000      0x298
                0x08000000                . = ALIGN (0x4)
 *(.isr_vector)
 .isr_vector    0x08000000      0x298 startup\startup_stm32h743xx.o
                0x08000000                g_pfnVectors
                0x08000298                . = ALIGN (0x4)

.text           0x080002a0     0x1b20
                0x080002a0                . = ALIGN (0x4)
 *(.text)
 .text          0x080002a0       0x40 d:/programs/atollic truestudio/truestudio for stm32 9.1.0/armtools/bin/../lib/gcc/arm-atollic-eabi/6.3.1/armv7e-m/fpu/fpv5-d16/crtbegin.o
 *(.text*)
 .text.HAL_InitTick
                0x080002e0       0x48 Drivers\STM32H7xx_HAL_Driver\stm32h7xx_hal.o
                0x080002e0                HAL_InitTick
 .text.HAL_Init
                0x08000328       0x1e Drivers\STM32H7xx_HAL_Driver\stm32h7xx_hal.o
                0x08000328                HAL_Init
 *fill*         0x08000346        0x2 
 .text.HAL_IncTick
                0x08000348       0x18 Drivers\STM32H7xx_HAL_Driver\stm32h7xx_hal.o
                0x08000348                HAL_IncTick
 .text.HAL_GetTick
                0x08000360        0xc Drivers\STM32H7xx_HAL_Driver\stm32h7xx_hal.o
                0x08000360                HAL_GetTick
 .text.HAL_NVIC_SetPriorityGrouping
                0x0800036c       0x24 Drivers\STM32H7xx_HAL_Driver\stm32h7xx_hal_cortex.o
                0x0800036c                HAL_NVIC_SetPriorityGrouping
 .text.HAL_NVIC_SetPriority
                0x08000390       0x70 Drivers\STM32H7xx_HAL_Driver\stm32h7xx_hal_cortex.o
                0x08000390                HAL_NVIC_SetPriority
 .text.HAL_SYSTICK_Config
                0x08000400       0x2c Drivers\STM32H7xx_HAL_Driver\stm32h7xx_hal_cortex.o
                0x08000400                HAL_SYSTICK_Config
 .text.HAL_SYSTICK_CLKSourceConfig
                0x0800042c       0x18 Drivers\STM32H7xx_HAL_Driver\stm32h7xx_hal_cortex.o
                0x0800042c                HAL_SYSTICK_CLKSourceConfig
 .text.HAL_GPIO_Init
                0x08000444      0x1d4 Drivers\STM32H7xx_HAL_Driver\stm32h7xx_hal_gpio.o
                0x08000444                HAL_GPIO_Init
 .text.HAL_GPIO_WritePin
                0x08000618        0xa Drivers\STM32H7xx_HAL_Driver\stm32h7xx_hal_gpio.o
                0x08000618                HAL_GPIO_WritePin
 *fill*         0x08000622        0x2 
 .text.HAL_RCC_OscConfig
                0x08000624      0x494 Drivers\STM32H7xx_HAL_Driver\stm32h7xx_hal_rcc.o
                0x08000624                HAL_RCC_OscConfig
 .text.HAL_RCC_GetSysClockFreq
                0x08000ab8      0x138 Drivers\STM32H7xx_HAL_Driver\stm32h7xx_hal_rcc.o
                0x08000ab8                HAL_RCC_GetSysClockFreq
 .text.HAL_RCC_ClockConfig
                0x08000bf0      0x1b4 Drivers\STM32H7xx_HAL_Driver\stm32h7xx_hal_rcc.o
                0x08000bf0                HAL_RCC_ClockConfig
 .text.osKernelStart
                0x08000da4        0xa Middlewares\FreeRTOS\cmsis_os.o
                0x08000da4                osKernelStart
 .text.osThreadCreate
                0x08000dae       0x30 Middlewares\FreeRTOS\cmsis_os.o
                0x08000dae                osThreadCreate
 .text.osDelay  0x08000dde       0x10 Middlewares\FreeRTOS\cmsis_os.o
                0x08000dde                osDelay
 .text.osSystickHandler
                0x08000dee       0x14 Middlewares\FreeRTOS\cmsis_os.o
                0x08000dee                osSystickHandler
 *fill*         0x08000e02        0x2 
 .text.unlikely.prvInsertBlockIntoFreeList
                0x08000e04       0x48 Middlewares\FreeRTOS\heap_4.o
 .text.pvPortMalloc
                0x08000e4c      0x124 Middlewares\FreeRTOS\heap_4.o
                0x08000e4c                pvPortMalloc
 .text.vPortFree
                0x08000f70       0x78 Middlewares\FreeRTOS\heap_4.o
                0x08000f70                vPortFree
 .text.vListInitialise
                0x08000fe8       0x16 Middlewares\FreeRTOS\list.o
                0x08000fe8                vListInitialise
 .text.vListInitialiseItem
                0x08000ffe        0x6 Middlewares\FreeRTOS\list.o
                0x08000ffe                vListInitialiseItem
 .text.vListInsertEnd
                0x08001004       0x18 Middlewares\FreeRTOS\list.o
                0x08001004                vListInsertEnd
 .text.vListInsert
                0x0800101c       0x2e Middlewares\FreeRTOS\list.o
                0x0800101c                vListInsert
 .text.uxListRemove
                0x0800104a       0x20 Middlewares\FreeRTOS\list.o
                0x0800104a                uxListRemove
 *fill*         0x0800106a        0x2 
 .text.prvTaskExitError
                0x0800106c       0x38 Middlewares\FreeRTOS\port.o
 .text.prvPortStartFirstTask
                0x080010a4       0x20 Middlewares\FreeRTOS\port.o
 .text.vPortEnableVFP
                0x080010c4       0x14 Middlewares\FreeRTOS\port.o
 .text.pxPortInitialiseStack
                0x080010d8       0x24 Middlewares\FreeRTOS\port.o
                0x080010d8                pxPortInitialiseStack
 *fill*         0x080010fc        0x4 
 .text.SVC_Handler
                0x08001100       0x24 Middlewares\FreeRTOS\port.o
                0x08001100                SVC_Handler
 .text.vPortEnterCritical
                0x08001124       0x4c Middlewares\FreeRTOS\port.o
                0x08001124                vPortEnterCritical
 .text.vPortExitCritical
                0x08001170       0x2c Middlewares\FreeRTOS\port.o
                0x08001170                vPortExitCritical
 *fill*         0x0800119c        0x4 
 .text.PendSV_Handler
                0x080011a0       0x64 Middlewares\FreeRTOS\port.o
                0x080011a0                PendSV_Handler
 .text.xPortSysTickHandler
                0x08001204       0x30 Middlewares\FreeRTOS\port.o
                0x08001204                xPortSysTickHandler
 .text.vPortSetupTimerInterrupt
                0x08001234       0x28 Middlewares\FreeRTOS\port.o
                0x08001234                vPortSetupTimerInterrupt
 .text.xPortStartScheduler
                0x0800125c       0xa8 Middlewares\FreeRTOS\port.o
                0x0800125c                xPortStartScheduler
 .text.prvResetNextTaskUnblockTime
                0x08001304       0x24 Middlewares\FreeRTOS\tasks.o
 .text.prvAddCurrentTaskToDelayedList
                0x08001328       0x8c Middlewares\FreeRTOS\tasks.o
 .text.xTaskCreate
                0x080013b4      0x1a0 Middlewares\FreeRTOS\tasks.o
                0x080013b4                xTaskCreate
 .text.vTaskStartScheduler
                0x08001554       0x80 Middlewares\FreeRTOS\tasks.o
                0x08001554                vTaskStartScheduler
 .text.vTaskSuspendAll
                0x080015d4       0x10 Middlewares\FreeRTOS\tasks.o
                0x080015d4                vTaskSuspendAll
 .text.xTaskIncrementTick
                0x080015e4      0x128 Middlewares\FreeRTOS\tasks.o
                0x080015e4                xTaskIncrementTick
 .text.xTaskResumeAll
                0x0800170c       0xf4 Middlewares\FreeRTOS\tasks.o
                0x0800170c                xTaskResumeAll
 .text.vTaskDelay
                0x08001800       0x4c Middlewares\FreeRTOS\tasks.o
                0x08001800                vTaskDelay
 .text.prvIdleTask
                0x0800184c       0x74 Middlewares\FreeRTOS\tasks.o
 .text.vTaskSwitchContext
                0x080018c0       0x78 Middlewares\FreeRTOS\tasks.o
                0x080018c0                vTaskSwitchContext
 .text.xTaskGetSchedulerState
                0x08001938       0x20 Middlewares\FreeRTOS\tasks.o
                0x08001938                xTaskGetSchedulerState
 .text.StartDefaultTask
                0x08001958        0xa Src\freertos.o
                0x08001958                StartDefaultTask
 *fill*         0x08001962        0x2 
 .text.MX_FREERTOS_Init
                0x08001964       0x28 Src\freertos.o
                0x08001964                MX_FREERTOS_Init
 .text.MX_GPIO_Init
                0x0800198c      0x1b8 Src\gpio.o
                0x0800198c                MX_GPIO_Init
 .text.SystemClock_Config
                0x08001b44       0xb0 Src\main.o
                0x08001b44                SystemClock_Config
 .text.startup.main
                0x08001bf4       0x18 Src\main.o
                0x08001bf4                main
 .text.HAL_MspInit
                0x08001c0c       0x80 Src\stm32h7xx_hal_msp.o
                0x08001c0c                HAL_MspInit
 .text.NMI_Handler
                0x08001c8c        0x2 Src\stm32h7xx_it.o
                0x08001c8c                NMI_Handler
 .text.HardFault_Handler
                0x08001c8e        0x2 Src\stm32h7xx_it.o
                0x08001c8e                HardFault_Handler
 .text.MemManage_Handler
                0x08001c90        0x2 Src\stm32h7xx_it.o
                0x08001c90                MemManage_Handler
 .text.BusFault_Handler
                0x08001c92        0x2 Src\stm32h7xx_it.o
                0x08001c92                BusFault_Handler
 .text.UsageFault_Handler
                0x08001c94        0x2 Src\stm32h7xx_it.o
                0x08001c94                UsageFault_Handler
 .text.DebugMon_Handler
                0x08001c96        0x2 Src\stm32h7xx_it.o
                0x08001c96                DebugMon_Handler
 .text.SysTick_Handler
                0x08001c98        0xe Src\stm32h7xx_it.o
                0x08001c98                SysTick_Handler
 *fill*         0x08001ca6        0x2 
 .text.SystemInit
                0x08001ca8       0x64 Src\system_stm32h7xx.o
                0x08001ca8                SystemInit
 .text.Reset_Handler
                0x08001d0c       0x50 startup\startup_stm32h743xx.o
                0x08001d0c                Reset_Handler
 .text.Default_Handler
                0x08001d5c        0x2 startup\startup_stm32h743xx.o
                0x08001d5c                RTC_Alarm_IRQHandler
                0x08001d5c                EXTI2_IRQHandler
                0x08001d5c                TIM8_CC_IRQHandler
                0x08001d5c                HRTIM1_Master_IRQHandler
                0x08001d5c                UART8_IRQHandler
                0x08001d5c                SPI4_IRQHandler
                0x08001d5c                TIM1_CC_IRQHandler
                0x08001d5c                BDMA_Channel6_IRQHandler
                0x08001d5c                DMA2_Stream5_IRQHandler
                0x08001d5c                HRTIM1_FLT_IRQHandler
                0x08001d5c                JPEG_IRQHandler
                0x08001d5c                DMA1_Stream5_IRQHandler
                0x08001d5c                BDMA_Channel1_IRQHandler
                0x08001d5c                HRTIM1_TIMD_IRQHandler
                0x08001d5c                TAMP_STAMP_IRQHandler
                0x08001d5c                EXTI3_IRQHandler
                0x08001d5c                LPTIM4_IRQHandler
                0x08001d5c                TIM8_TRG_COM_TIM14_IRQHandler
                0x08001d5c                LPTIM2_IRQHandler
                0x08001d5c                DFSDM1_FLT1_IRQHandler
                0x08001d5c                DMAMUX2_OVR_IRQHandler
                0x08001d5c                TIM8_UP_TIM13_IRQHandler
                0x08001d5c                I2C3_ER_IRQHandler
                0x08001d5c                DFSDM1_FLT2_IRQHandler
                0x08001d5c                MDMA_IRQHandler
                0x08001d5c                LPTIM3_IRQHandler
                0x08001d5c                HSEM1_IRQHandler
                0x08001d5c                EXTI0_IRQHandler
                0x08001d5c                I2C2_EV_IRQHandler
                0x08001d5c                DMA1_Stream2_IRQHandler
                0x08001d5c                FPU_IRQHandler
                0x08001d5c                OTG_HS_WKUP_IRQHandler
                0x08001d5c                FDCAN1_IT1_IRQHandler
                0x08001d5c                LTDC_ER_IRQHandler
                0x08001d5c                DMA2_Stream2_IRQHandler
                0x08001d5c                HRTIM1_TIME_IRQHandler
                0x08001d5c                SPI1_IRQHandler
                0x08001d5c                TIM6_DAC_IRQHandler
                0x08001d5c                DCMI_IRQHandler
                0x08001d5c                HRTIM1_TIMC_IRQHandler
                0x08001d5c                DMA2_Stream3_IRQHandler
                0x08001d5c                SAI2_IRQHandler
                0x08001d5c                DFSDM1_FLT3_IRQHandler
                0x08001d5c                USART6_IRQHandler
                0x08001d5c                TIM17_IRQHandler
                0x08001d5c                USART3_IRQHandler
                0x08001d5c                BDMA_Channel7_IRQHandler
                0x08001d5c                LPTIM5_IRQHandler
                0x08001d5c                UART5_IRQHandler
                0x08001d5c                ADC3_IRQHandler
                0x08001d5c                DMA2_Stream0_IRQHandler
                0x08001d5c                TIM4_IRQHandler
                0x08001d5c                BDMA_Channel2_IRQHandler
                0x08001d5c                QUADSPI_IRQHandler
                0x08001d5c                I2C1_EV_IRQHandler
                0x08001d5c                DMA1_Stream6_IRQHandler
                0x08001d5c                DMAMUX1_OVR_IRQHandler
                0x08001d5c                DMA1_Stream1_IRQHandler
                0x08001d5c                TIM16_IRQHandler
                0x08001d5c                UART4_IRQHandler
                0x08001d5c                BDMA_Channel5_IRQHandler
                0x08001d5c                TIM3_IRQHandler
                0x08001d5c                RCC_IRQHandler
                0x08001d5c                TIM8_BRK_TIM12_IRQHandler
                0x08001d5c                TIM1_TRG_COM_IRQHandler
                0x08001d5c                Default_Handler
                0x08001d5c                CEC_IRQHandler
                0x08001d5c                EXTI15_10_IRQHandler
                0x08001d5c                BDMA_Channel0_IRQHandler
                0x08001d5c                ADC_IRQHandler
                0x08001d5c                DMA1_Stream7_IRQHandler
                0x08001d5c                HRTIM1_TIMA_IRQHandler
                0x08001d5c                SPI5_IRQHandler
                0x08001d5c                TIM7_IRQHandler
                0x08001d5c                SDMMC1_IRQHandler
                0x08001d5c                TIM5_IRQHandler
                0x08001d5c                DMA2_Stream7_IRQHandler
                0x08001d5c                TIM15_IRQHandler
                0x08001d5c                PVD_AVD_IRQHandler
                0x08001d5c                I2C3_EV_IRQHandler
                0x08001d5c                EXTI9_5_IRQHandler
                0x08001d5c                RTC_WKUP_IRQHandler
                0x08001d5c                LTDC_IRQHandler
                0x08001d5c                SAI3_IRQHandler
                0x08001d5c                ETH_WKUP_IRQHandler
                0x08001d5c                SPDIF_RX_IRQHandler
                0x08001d5c                SPI2_IRQHandler
                0x08001d5c                OTG_HS_EP1_IN_IRQHandler
                0x08001d5c                DMA1_Stream0_IRQHandler
                0x08001d5c                CRS_IRQHandler
                0x08001d5c                EXTI4_IRQHandler
                0x08001d5c                RNG_IRQHandler
                0x08001d5c                HRTIM1_TIMB_IRQHandler
                0x08001d5c                FDCAN2_IT1_IRQHandler
                0x08001d5c                ETH_IRQHandler
                0x08001d5c                TIM1_UP_IRQHandler
                0x08001d5c                BDMA_Channel4_IRQHandler
                0x08001d5c                OTG_HS_EP1_OUT_IRQHandler
                0x08001d5c                WWDG_IRQHandler
                0x08001d5c                SPI6_IRQHandler
                0x08001d5c                MDIOS_IRQHandler
                0x08001d5c                I2C4_EV_IRQHandler
                0x08001d5c                FDCAN2_IT0_IRQHandler
                0x08001d5c                LPUART1_IRQHandler
                0x08001d5c                FDCAN1_IT0_IRQHandler
                0x08001d5c                TIM2_IRQHandler
                0x08001d5c                OTG_FS_WKUP_IRQHandler
                0x08001d5c                OTG_HS_IRQHandler
                0x08001d5c                DMA2D_IRQHandler
                0x08001d5c                TIM1_BRK_IRQHandler
                0x08001d5c                EXTI1_IRQHandler
                0x08001d5c                SDMMC2_IRQHandler
                0x08001d5c                OTG_FS_EP1_OUT_IRQHandler
                0x08001d5c                BDMA_Channel3_IRQHandler
                0x08001d5c                UART7_IRQHandler
                0x08001d5c                MDIOS_WKUP_IRQHandler
                0x08001d5c                USART2_IRQHandler
                0x08001d5c                DFSDM1_FLT0_IRQHandler
                0x08001d5c                SAI4_IRQHandler
                0x08001d5c                I2C2_ER_IRQHandler
                0x08001d5c                DMA2_Stream1_IRQHandler
                0x08001d5c                FLASH_IRQHandler
                0x08001d5c                DMA2_Stream4_IRQHandler
                0x08001d5c                USART1_IRQHandler
                0x08001d5c                OTG_FS_IRQHandler
                0x08001d5c                SPI3_IRQHandler
                0x08001d5c                WAKEUP_PIN_IRQHandler
                0x08001d5c                DMA1_Stream4_IRQHandler
                0x08001d5c                OTG_FS_EP1_IN_IRQHandler
                0x08001d5c                I2C1_ER_IRQHandler
                0x08001d5c                FMC_IRQHandler
                0x08001d5c                FDCAN_CAL_IRQHandler
                0x08001d5c                SWPMI1_IRQHandler
                0x08001d5c                COMP1_IRQHandler
                0x08001d5c                LPTIM1_IRQHandler
                0x08001d5c                I2C4_ER_IRQHandler
                0x08001d5c                DMA2_Stream6_IRQHandler
                0x08001d5c                SAI1_IRQHandler
                0x08001d5c                DMA1_Stream3_IRQHandler
 *fill*         0x08001d5e        0x2 
 .text.__libc_init_array
                0x08001d60       0x48 d:/programs/atollic truestudio/truestudio for stm32 9.1.0/armtools/bin/../lib/gcc/arm-atollic-eabi/6.3.1/../../../../arm-atollic-eabi/lib/armv7e-m/fpu/fpv5-d16\libc_nano.a(lib_a-init.o)
                0x08001d60                __libc_init_array
 *(.glue_7)
 .glue_7        0x08001da8        0x0 linker stubs
 *(.glue_7t)
 .glue_7t       0x08001da8        0x0 linker stubs
 *(.eh_frame)
 .eh_frame      0x08001da8        0x0 d:/programs/atollic truestudio/truestudio for stm32 9.1.0/armtools/bin/../lib/gcc/arm-atollic-eabi/6.3.1/armv7e-m/fpu/fpv5-d16/crtbegin.o
 *(.init)
 .init          0x08001da8        0x4 d:/programs/atollic truestudio/truestudio for stm32 9.1.0/armtools/bin/../lib/gcc/arm-atollic-eabi/6.3.1/armv7e-m/fpu/fpv5-d16/crti.o
                0x08001da8                _init
 .init          0x08001dac        0x8 d:/programs/atollic truestudio/truestudio for stm32 9.1.0/armtools/bin/../lib/gcc/arm-atollic-eabi/6.3.1/armv7e-m/fpu/fpv5-d16/crtn.o
 *(.fini)
 .fini          0x08001db4        0x4 d:/programs/atollic truestudio/truestudio for stm32 9.1.0/armtools/bin/../lib/gcc/arm-atollic-eabi/6.3.1/armv7e-m/fpu/fpv5-d16/crti.o
                0x08001db4                _fini
 .fini          0x08001db8        0x8 d:/programs/atollic truestudio/truestudio for stm32 9.1.0/armtools/bin/../lib/gcc/arm-atollic-eabi/6.3.1/armv7e-m/fpu/fpv5-d16/crtn.o
                0x08001dc0                . = ALIGN (0x4)
                0x08001dc0                _etext = .

.vfp11_veneer   0x08001dc0        0x0
 .vfp11_veneer  0x08001dc0        0x0 linker stubs

.v4_bx          0x08001dc0        0x0
 .v4_bx         0x08001dc0        0x0 linker stubs

.iplt           0x08001dc0        0x0
 .iplt          0x08001dc0        0x0 d:/programs/atollic truestudio/truestudio for stm32 9.1.0/armtools/bin/../lib/gcc/arm-atollic-eabi/6.3.1/armv7e-m/fpu/fpv5-d16/crtbegin.o

.rodata         0x08001dc0       0x38
                0x08001dc0                . = ALIGN (0x4)
 *(.rodata)
 .rodata        0x08001dc0       0x14 Src\freertos.o
 *(.rodata*)
 .rodata.vTaskStartScheduler.str1.1
                0x08001dd4        0x5 Middlewares\FreeRTOS\tasks.o
 .rodata.str1.1
                0x08001dd9        0xc Src\freertos.o
 .rodata.D1CorePrescTable
                0x08001de5       0x10 Src\system_stm32h7xx.o
                0x08001de5                D1CorePrescTable
                0x08001df8                . = ALIGN (0x4)
 *fill*         0x08001df5        0x3 

.rel.dyn        0x08001df8        0x0
 .rel.iplt      0x08001df8        0x0 d:/programs/atollic truestudio/truestudio for stm32 9.1.0/armtools/bin/../lib/gcc/arm-atollic-eabi/6.3.1/armv7e-m/fpu/fpv5-d16/crtbegin.o

.ARM.extab
 *(.ARM.extab* .gnu.linkonce.armextab.*)

.ARM            0x08001df8        0x0
                0x08001df8                __exidx_start = .
 *(.ARM.exidx*)
                0x08001df8                __exidx_end = .

.preinit_array  0x08001df8        0x0
                0x08001df8                PROVIDE (__preinit_array_start, .)
 *(.preinit_array*)
                0x08001df8                PROVIDE (__preinit_array_end, .)

.init_array     0x08001df8        0x4
                0x08001df8                PROVIDE (__init_array_start, .)
 *(SORT(.init_array.*))
 *(.init_array*)
 .init_array    0x08001df8        0x4 d:/programs/atollic truestudio/truestudio for stm32 9.1.0/armtools/bin/../lib/gcc/arm-atollic-eabi/6.3.1/armv7e-m/fpu/fpv5-d16/crtbegin.o
                0x08001dfc                PROVIDE (__init_array_end, .)

.fini_array     0x08001dfc        0x4
                [!provide]                PROVIDE (__fini_array_start, .)
 *(SORT(.fini_array.*))
 *(.fini_array*)
 .fini_array    0x08001dfc        0x4 d:/programs/atollic truestudio/truestudio for stm32 9.1.0/armtools/bin/../lib/gcc/arm-atollic-eabi/6.3.1/armv7e-m/fpu/fpv5-d16/crtbegin.o
                [!provide]                PROVIDE (__fini_array_end, .)
                0x08001e00                _sidata = LOADADDR (.data)

.data           0x20000000       0x10 load address 0x08001e00
                0x20000000                . = ALIGN (0x4)
                0x20000000                _sdata = .
 *(.data)
 *(.data*)
 .data.uwTickFreq
                0x20000000        0x1 Drivers\STM32H7xx_HAL_Driver\stm32h7xx_hal.o
 *fill*         0x20000001        0x3 
 .data.uwTickPrio
                0x20000004        0x4 Drivers\STM32H7xx_HAL_Driver\stm32h7xx_hal.o
 .data.uxCriticalNesting
                0x20000008        0x4 Middlewares\FreeRTOS\port.o
 .data.SystemCoreClock
                0x2000000c        0x4 Src\system_stm32h7xx.o
                0x2000000c                SystemCoreClock
                0x20000010                . = ALIGN (0x4)
                0x20000010                _edata = .

.igot.plt       0x20000010        0x0 load address 0x08001e10
 .igot.plt      0x20000010        0x0 d:/programs/atollic truestudio/truestudio for stm32 9.1.0/armtools/bin/../lib/gcc/arm-atollic-eabi/6.3.1/armv7e-m/fpu/fpv5-d16/crtbegin.o
                0x20000010                . = ALIGN (0x4)

.bss            0x20000010     0x3d70 load address 0x08001e10
                0x20000010                _sbss = .
                0x20000010                __bss_start__ = _sbss
 *(.bss)
 .bss           0x20000010       0x1c d:/programs/atollic truestudio/truestudio for stm32 9.1.0/armtools/bin/../lib/gcc/arm-atollic-eabi/6.3.1/armv7e-m/fpu/fpv5-d16/crtbegin.o
 *(.bss*)
 .bss.uwTick    0x2000002c        0x4 Drivers\STM32H7xx_HAL_Driver\stm32h7xx_hal.o
 .bss.pxEnd     0x20000030        0x4 Middlewares\FreeRTOS\heap_4.o
 .bss.ucHeap    0x20000034     0x3c00 Middlewares\FreeRTOS\heap_4.o
 .bss.xBlockAllocatedBit
                0x20003c34        0x4 Middlewares\FreeRTOS\heap_4.o
 .bss.xFreeBytesRemaining
                0x20003c38        0x4 Middlewares\FreeRTOS\heap_4.o
 .bss.xMinimumEverFreeBytesRemaining
                0x20003c3c        0x4 Middlewares\FreeRTOS\heap_4.o
 .bss.xStart    0x20003c40        0x8 Middlewares\FreeRTOS\heap_4.o
 .bss.ucMaxSysCallPriority
                0x20003c48        0x1 Middlewares\FreeRTOS\port.o
 *fill*         0x20003c49        0x3 
 .bss.ulMaxPRIGROUPValue
                0x20003c4c        0x4 Middlewares\FreeRTOS\port.o
 .bss.pxCurrentTCB
                0x20003c50        0x4 Middlewares\FreeRTOS\tasks.o
                0x20003c50                pxCurrentTCB
 .bss.pxDelayedTaskList
                0x20003c54        0x4 Middlewares\FreeRTOS\tasks.o
 .bss.pxOverflowDelayedTaskList
                0x20003c58        0x4 Middlewares\FreeRTOS\tasks.o
 .bss.pxReadyTasksLists
                0x20003c5c       0x8c Middlewares\FreeRTOS\tasks.o
 .bss.uxCurrentNumberOfTasks
                0x20003ce8        0x4 Middlewares\FreeRTOS\tasks.o
 .bss.uxDeletedTasksWaitingCleanUp
                0x20003cec        0x4 Middlewares\FreeRTOS\tasks.o
 .bss.uxPendedTicks
                0x20003cf0        0x4 Middlewares\FreeRTOS\tasks.o
 .bss.uxSchedulerSuspended
                0x20003cf4        0x4 Middlewares\FreeRTOS\tasks.o
 .bss.uxTaskNumber
                0x20003cf8        0x4 Middlewares\FreeRTOS\tasks.o
 .bss.uxTopReadyPriority
                0x20003cfc        0x4 Middlewares\FreeRTOS\tasks.o
 .bss.xDelayedTaskList1
                0x20003d00       0x14 Middlewares\FreeRTOS\tasks.o
 .bss.xDelayedTaskList2
                0x20003d14       0x14 Middlewares\FreeRTOS\tasks.o
 .bss.xIdleTaskHandle
                0x20003d28        0x4 Middlewares\FreeRTOS\tasks.o
 .bss.xNextTaskUnblockTime
                0x20003d2c        0x4 Middlewares\FreeRTOS\tasks.o
 .bss.xNumOfOverflows
                0x20003d30        0x4 Middlewares\FreeRTOS\tasks.o
 .bss.xPendingReadyList
                0x20003d34       0x14 Middlewares\FreeRTOS\tasks.o
 .bss.xSchedulerRunning
                0x20003d48        0x4 Middlewares\FreeRTOS\tasks.o
 .bss.xSuspendedTaskList
                0x20003d4c       0x14 Middlewares\FreeRTOS\tasks.o
 .bss.xTasksWaitingTermination
                0x20003d60       0x14 Middlewares\FreeRTOS\tasks.o
 .bss.xTickCount
                0x20003d74        0x4 Middlewares\FreeRTOS\tasks.o
 .bss.xYieldPending
                0x20003d78        0x4 Middlewares\FreeRTOS\tasks.o
 *(COMMON)
 COMMON         0x20003d7c        0x4 Src\freertos.o
                0x20003d7c                defaultTaskHandle
                0x20003d80                . = ALIGN (0x4)
                0x20003d80                _ebss = .
                0x20003d80                __bss_end__ = _ebss

._user_heap_stack
                0x20003d80      0x600 load address 0x08001e10
                0x20003d80                . = ALIGN (0x4)
                [!provide]                PROVIDE (end, .)
                [!provide]                PROVIDE (_end, .)
                0x20003f80                . = (. + _Min_Heap_Size)
 *fill*         0x20003d80      0x200 
                0x20004380                . = (. + _Min_Stack_Size)
 *fill*         0x20003f80      0x400 
                0x20004380                . = ALIGN (0x4)

/DISCARD/
 libc.a(*)
 libm.a(*)
 libgcc.a(*)

.ARM.attributes
                0x00000000       0x2e
 *(.ARM.attributes)
 .ARM.attributes
                0x00000000       0x20 d:/programs/atollic truestudio/truestudio for stm32 9.1.0/armtools/bin/../lib/gcc/arm-atollic-eabi/6.3.1/armv7e-m/fpu/fpv5-d16/crti.o
 .ARM.attributes
                0x00000020       0x32 d:/programs/atollic truestudio/truestudio for stm32 9.1.0/armtools/bin/../lib/gcc/arm-atollic-eabi/6.3.1/armv7e-m/fpu/fpv5-d16/crtbegin.o
 .ARM.attributes
                0x00000052       0x37 Drivers\STM32H7xx_HAL_Driver\stm32h7xx_hal.o
 .ARM.attributes
                0x00000089       0x37 Drivers\STM32H7xx_HAL_Driver\stm32h7xx_hal_cortex.o
 .ARM.attributes
                0x000000c0       0x37 Drivers\STM32H7xx_HAL_Driver\stm32h7xx_hal_gpio.o
 .ARM.attributes
                0x000000f7       0x37 Drivers\STM32H7xx_HAL_Driver\stm32h7xx_hal_rcc.o
 .ARM.attributes
                0x0000012e       0x37 Middlewares\FreeRTOS\cmsis_os.o
 .ARM.attributes
                0x00000165       0x37 Middlewares\FreeRTOS\heap_4.o
 .ARM.attributes
                0x0000019c       0x37 Middlewares\FreeRTOS\list.o
 .ARM.attributes
                0x000001d3       0x37 Middlewares\FreeRTOS\port.o
 .ARM.attributes
                0x0000020a       0x37 Middlewares\FreeRTOS\tasks.o
 .ARM.attributes
                0x00000241       0x37 Src\freertos.o
 .ARM.attributes
                0x00000278       0x37 Src\gpio.o
 .ARM.attributes
                0x000002af       0x37 Src\main.o
 .ARM.attributes
                0x000002e6       0x37 Src\stm32h7xx_hal_msp.o
 .ARM.attributes
                0x0000031d       0x37 Src\stm32h7xx_it.o
 .ARM.attributes
                0x00000354       0x37 Src\system_stm32h7xx.o
 .ARM.attributes
                0x0000038b       0x21 startup\startup_stm32h743xx.o
 .ARM.attributes
                0x000003ac       0x32 d:/programs/atollic truestudio/truestudio for stm32 9.1.0/armtools/bin/../lib/gcc/arm-atollic-eabi/6.3.1/../../../../arm-atollic-eabi/lib/armv7e-m/fpu/fpv5-d16\libc_nano.a(lib_a-init.o)
 .ARM.attributes
                0x000003de       0x20 d:/programs/atollic truestudio/truestudio for stm32 9.1.0/armtools/bin/../lib/gcc/arm-atollic-eabi/6.3.1/armv7e-m/fpu/fpv5-d16/crtn.o
OUTPUT(praca_przejsciowa.elf elf32-littlearm)

.debug_info     0x00000000    0x120e4
 .debug_info    0x00000000     0x1d06 Drivers\STM32H7xx_HAL_Driver\stm32h7xx_hal.o
 .debug_info    0x00001d06     0x1a66 Drivers\STM32H7xx_HAL_Driver\stm32h7xx_hal_cortex.o
 .debug_info    0x0000376c     0x145f Drivers\STM32H7xx_HAL_Driver\stm32h7xx_hal_gpio.o
 .debug_info    0x00004bcb     0x1ab3 Drivers\STM32H7xx_HAL_Driver\stm32h7xx_hal_rcc.o
 .debug_info    0x0000667e     0x24f5 Middlewares\FreeRTOS\cmsis_os.o
 .debug_info    0x00008b73      0xca5 Middlewares\FreeRTOS\heap_4.o
 .debug_info    0x00009818      0xac0 Middlewares\FreeRTOS\list.o
 .debug_info    0x0000a2d8      0x4e8 Middlewares\FreeRTOS\port.o
 .debug_info    0x0000a7c0     0x2999 Middlewares\FreeRTOS\tasks.o
 .debug_info    0x0000d159      0x223 Src\freertos.o
 .debug_info    0x0000d37c     0x1000 Src\gpio.o
 .debug_info    0x0000e37c     0x10a3 Src\main.o
 .debug_info    0x0000f41f     0x1151 Src\stm32h7xx_hal_msp.o
 .debug_info    0x00010570      0x9bc Src\stm32h7xx_it.o
 .debug_info    0x00010f2c     0x1132 Src\system_stm32h7xx.o
 .debug_info    0x0001205e       0x86 startup\startup_stm32h743xx.o

.debug_abbrev   0x00000000     0x28b1
 .debug_abbrev  0x00000000      0x386 Drivers\STM32H7xx_HAL_Driver\stm32h7xx_hal.o
 .debug_abbrev  0x00000386      0x3b1 Drivers\STM32H7xx_HAL_Driver\stm32h7xx_hal_cortex.o
 .debug_abbrev  0x00000737      0x2a2 Drivers\STM32H7xx_HAL_Driver\stm32h7xx_hal_gpio.o
 .debug_abbrev  0x000009d9      0x375 Drivers\STM32H7xx_HAL_Driver\stm32h7xx_hal_rcc.o
 .debug_abbrev  0x00000d4e      0x468 Middlewares\FreeRTOS\cmsis_os.o
 .debug_abbrev  0x000011b6      0x314 Middlewares\FreeRTOS\heap_4.o
 .debug_abbrev  0x000014ca      0x1e3 Middlewares\FreeRTOS\list.o
 .debug_abbrev  0x000016ad      0x211 Middlewares\FreeRTOS\port.o
 .debug_abbrev  0x000018be      0x419 Middlewares\FreeRTOS\tasks.o
 .debug_abbrev  0x00001cd7      0x131 Src\freertos.o
 .debug_abbrev  0x00001e08      0x213 Src\gpio.o
 .debug_abbrev  0x0000201b      0x26a Src\main.o
 .debug_abbrev  0x00002285      0x204 Src\stm32h7xx_hal_msp.o
 .debug_abbrev  0x00002489      0x1ec Src\stm32h7xx_it.o
 .debug_abbrev  0x00002675      0x22a Src\system_stm32h7xx.o
 .debug_abbrev  0x0000289f       0x12 startup\startup_stm32h743xx.o

.debug_loc      0x00000000     0x3b63
 .debug_loc     0x00000000      0x3ff Drivers\STM32H7xx_HAL_Driver\stm32h7xx_hal.o
 .debug_loc     0x000003ff      0x56a Drivers\STM32H7xx_HAL_Driver\stm32h7xx_hal_cortex.o
 .debug_loc     0x00000969      0x388 Drivers\STM32H7xx_HAL_Driver\stm32h7xx_hal_gpio.o
 .debug_loc     0x00000cf1      0x512 Drivers\STM32H7xx_HAL_Driver\stm32h7xx_hal_rcc.o
 .debug_loc     0x00001203     0x1037 Middlewares\FreeRTOS\cmsis_os.o
 .debug_loc     0x0000223a      0x390 Middlewares\FreeRTOS\heap_4.o
 .debug_loc     0x000025ca       0x94 Middlewares\FreeRTOS\list.o
 .debug_loc     0x0000265e       0x9d Middlewares\FreeRTOS\port.o
 .debug_loc     0x000026fb     0x124d Middlewares\FreeRTOS\tasks.o
 .debug_loc     0x00003948       0x21 Src\freertos.o
 .debug_loc     0x00003969      0x1fa Src\system_stm32h7xx.o

.debug_aranges  0x00000000      0x858
 .debug_aranges
                0x00000000      0x198 Drivers\STM32H7xx_HAL_Driver\stm32h7xx_hal.o
 .debug_aranges
                0x00000198       0xb0 Drivers\STM32H7xx_HAL_Driver\stm32h7xx_hal_cortex.o
 .debug_aranges
                0x00000248       0x58 Drivers\STM32H7xx_HAL_Driver\stm32h7xx_hal_gpio.o
 .debug_aranges
                0x000002a0       0x80 Drivers\STM32H7xx_HAL_Driver\stm32h7xx_hal_rcc.o
 .debug_aranges
                0x00000320      0x190 Middlewares\FreeRTOS\cmsis_os.o
 .debug_aranges
                0x000004b0       0x48 Middlewares\FreeRTOS\heap_4.o
 .debug_aranges
                0x000004f8       0x40 Middlewares\FreeRTOS\list.o
 .debug_aranges
                0x00000538       0x80 Middlewares\FreeRTOS\port.o
 .debug_aranges
                0x000005b8      0x170 Middlewares\FreeRTOS\tasks.o
 .debug_aranges
                0x00000728       0x28 Src\freertos.o
 .debug_aranges
                0x00000750       0x20 Src\gpio.o
 .debug_aranges
                0x00000770       0x30 Src\main.o
 .debug_aranges
                0x000007a0       0x20 Src\stm32h7xx_hal_msp.o
 .debug_aranges
                0x000007c0       0x48 Src\stm32h7xx_it.o
 .debug_aranges
                0x00000808       0x28 Src\system_stm32h7xx.o
 .debug_aranges
                0x00000830       0x28 startup\startup_stm32h743xx.o

.debug_ranges   0x00000000      0xbb8
 .debug_ranges  0x00000000      0x188 Drivers\STM32H7xx_HAL_Driver\stm32h7xx_hal.o
 .debug_ranges  0x00000188      0x140 Drivers\STM32H7xx_HAL_Driver\stm32h7xx_hal_cortex.o
 .debug_ranges  0x000002c8       0x70 Drivers\STM32H7xx_HAL_Driver\stm32h7xx_hal_gpio.o
 .debug_ranges  0x00000338      0x208 Drivers\STM32H7xx_HAL_Driver\stm32h7xx_hal_rcc.o
 .debug_ranges  0x00000540      0x1b0 Middlewares\FreeRTOS\cmsis_os.o
 .debug_ranges  0x000006f0       0x38 Middlewares\FreeRTOS\heap_4.o
 .debug_ranges  0x00000728       0x30 Middlewares\FreeRTOS\list.o
 .debug_ranges  0x00000758       0x90 Middlewares\FreeRTOS\port.o
 .debug_ranges  0x000007e8      0x278 Middlewares\FreeRTOS\tasks.o
 .debug_ranges  0x00000a60       0x18 Src\freertos.o
 .debug_ranges  0x00000a78       0x68 Src\gpio.o
 .debug_ranges  0x00000ae0       0x20 Src\main.o
 .debug_ranges  0x00000b00       0x30 Src\stm32h7xx_hal_msp.o
 .debug_ranges  0x00000b30       0x38 Src\stm32h7xx_it.o
 .debug_ranges  0x00000b68       0x30 Src\system_stm32h7xx.o
 .debug_ranges  0x00000b98       0x20 startup\startup_stm32h743xx.o

.debug_line     0x00000000     0x537b
 .debug_line    0x00000000      0x758 Drivers\STM32H7xx_HAL_Driver\stm32h7xx_hal.o
 .debug_line    0x00000758      0x5e2 Drivers\STM32H7xx_HAL_Driver\stm32h7xx_hal_cortex.o
 .debug_line    0x00000d3a      0x592 Drivers\STM32H7xx_HAL_Driver\stm32h7xx_hal_gpio.o
 .debug_line    0x000012cc      0x8aa Drivers\STM32H7xx_HAL_Driver\stm32h7xx_hal_rcc.o
 .debug_line    0x00001b76      0x9cb Middlewares\FreeRTOS\cmsis_os.o
 .debug_line    0x00002541      0x4be Middlewares\FreeRTOS\heap_4.o
 .debug_line    0x000029ff      0x411 Middlewares\FreeRTOS\list.o
 .debug_line    0x00002e10      0x42a Middlewares\FreeRTOS\port.o
 .debug_line    0x0000323a      0xc45 Middlewares\FreeRTOS\tasks.o
 .debug_line    0x00003e7f      0x255 Src\freertos.o
 .debug_line    0x000040d4      0x39b Src\gpio.o
 .debug_line    0x0000446f      0x449 Src\main.o
 .debug_line    0x000048b8      0x332 Src\stm32h7xx_hal_msp.o
 .debug_line    0x00004bea      0x3d7 Src\stm32h7xx_it.o
 .debug_line    0x00004fc1      0x33b Src\system_stm32h7xx.o
 .debug_line    0x000052fc       0x7f startup\startup_stm32h743xx.o

.debug_str      0x00000000     0x401c
 .debug_str     0x00000000     0x187e Drivers\STM32H7xx_HAL_Driver\stm32h7xx_hal.o
                               0x195f (size before relaxing)
 .debug_str     0x0000187e      0x578 Drivers\STM32H7xx_HAL_Driver\stm32h7xx_hal_cortex.o
                               0x14ea (size before relaxing)
 .debug_str     0x00001df6      0x1da Drivers\STM32H7xx_HAL_Driver\stm32h7xx_hal_gpio.o
                                0xba9 (size before relaxing)
 .debug_str     0x00001fd0      0x4e6 Drivers\STM32H7xx_HAL_Driver\stm32h7xx_hal_rcc.o
                                0xe4f (size before relaxing)
 .debug_str     0x000024b6      0xb75 Middlewares\FreeRTOS\cmsis_os.o
                               0x1246 (size before relaxing)
 .debug_str     0x0000302b      0x244 Middlewares\FreeRTOS\heap_4.o
                                0x87c (size before relaxing)
 .debug_str     0x0000326f      0x179 Middlewares\FreeRTOS\list.o
                                0x793 (size before relaxing)
 .debug_str     0x000033e8      0x245 Middlewares\FreeRTOS\port.o
                                0x4c6 (size before relaxing)
 .debug_str     0x0000362d      0x859 Middlewares\FreeRTOS\tasks.o
                               0x128e (size before relaxing)
 .debug_str     0x00003e86       0x60 Src\freertos.o
                                0x348 (size before relaxing)
 .debug_str     0x00003ee6       0x1b Src\gpio.o
                                0x93a (size before relaxing)
 .debug_str     0x00003f01       0x3a Src\main.o
                               0x1119 (size before relaxing)
 .debug_str     0x00003f3b       0x1b Src\stm32h7xx_hal_msp.o
                               0x10c8 (size before relaxing)
 .debug_str     0x00003f56       0x8b Src\stm32h7xx_it.o
                                0x6db (size before relaxing)
 .debug_str     0x00003fe1       0x3b Src\system_stm32h7xx.o
                                0x9e7 (size before relaxing)

.comment        0x00000000       0x7c
 .comment       0x00000000       0x7c Drivers\STM32H7xx_HAL_Driver\stm32h7xx_hal.o
                                 0x7d (size before relaxing)
 .comment       0x0000007c       0x7d Drivers\STM32H7xx_HAL_Driver\stm32h7xx_hal_cortex.o
 .comment       0x0000007c       0x7d Drivers\STM32H7xx_HAL_Driver\stm32h7xx_hal_gpio.o
 .comment       0x0000007c       0x7d Drivers\STM32H7xx_HAL_Driver\stm32h7xx_hal_rcc.o
 .comment       0x0000007c       0x7d Middlewares\FreeRTOS\cmsis_os.o
 .comment       0x0000007c       0x7d Middlewares\FreeRTOS\heap_4.o
 .comment       0x0000007c       0x7d Middlewares\FreeRTOS\list.o
 .comment       0x0000007c       0x7d Middlewares\FreeRTOS\port.o
 .comment       0x0000007c       0x7d Middlewares\FreeRTOS\tasks.o
 .comment       0x0000007c       0x7d Src\freertos.o
 .comment       0x0000007c       0x7d Src\gpio.o
 .comment       0x0000007c       0x7d Src\main.o
 .comment       0x0000007c       0x7d Src\stm32h7xx_hal_msp.o
 .comment       0x0000007c       0x7d Src\stm32h7xx_it.o
 .comment       0x0000007c       0x7d Src\system_stm32h7xx.o

.debug_frame    0x00000000     0x1478
 .debug_frame   0x00000000      0x384 Drivers\STM32H7xx_HAL_Driver\stm32h7xx_hal.o
 .debug_frame   0x00000384      0x168 Drivers\STM32H7xx_HAL_Driver\stm32h7xx_hal_cortex.o
 .debug_frame   0x000004ec       0xd8 Drivers\STM32H7xx_HAL_Driver\stm32h7xx_hal_gpio.o
 .debug_frame   0x000005c4      0x13c Drivers\STM32H7xx_HAL_Driver\stm32h7xx_hal_rcc.o
 .debug_frame   0x00000700      0x4d4 Middlewares\FreeRTOS\cmsis_os.o
 .debug_frame   0x00000bd4       0x98 Middlewares\FreeRTOS\heap_4.o
 .debug_frame   0x00000c6c       0x6c Middlewares\FreeRTOS\list.o
 .debug_frame   0x00000cd8       0xf0 Middlewares\FreeRTOS\port.o
 .debug_frame   0x00000dc8      0x4ac Middlewares\FreeRTOS\tasks.o
 .debug_frame   0x00001274       0x48 Src\freertos.o
 .debug_frame   0x000012bc       0x3c Src\gpio.o
 .debug_frame   0x000012f8       0x5c Src\main.o
 .debug_frame   0x00001354       0x28 Src\stm32h7xx_hal_msp.o
 .debug_frame   0x0000137c       0x8c Src\stm32h7xx_it.o
 .debug_frame   0x00001408       0x44 Src\system_stm32h7xx.o
 .debug_frame   0x0000144c       0x2c d:/programs/atollic truestudio/truestudio for stm32 9.1.0/armtools/bin/../lib/gcc/arm-atollic-eabi/6.3.1/../../../../arm-atollic-eabi/lib/armv7e-m/fpu/fpv5-d16\libc_nano.a(lib_a-init.o)
